GEOMETRY 0,53 1024x640
1789655797254 ENTERED btn=0 mex=0x0 src=start.StartPanel xy=600,300 scr=600,353
1789655797317 PRESSED btn=1 mex=0x400 src=start.StartPanel xy=600,300 scr=600,353
1789655797398 RELEASED btn=1 mex=0x0 src=start.StartPanel xy=600,300 scr=600,353
1789655797398 CLICKED btn=1 mex=0x0 src=start.StartPanel xy=600,300 scr=600,353
1789655797479 MOVED btn=0 mex=0x0 src=start.StartPanel xy=603,303 scr=603,356
1789655797481 MOVED btn=0 mex=0x0 src=start.StartPanel xy=603,303 scr=603,356
1789655797561 EXITED btn=0 mex=0x0 src=start.StartPanel xy=3320,1207 scr=3320,1260
1789655799265 ENTERED btn=0 mex=0x400 src=start.StartPanel xy=826,376 scr=826,428
1789655799427 PRESSED btn=3 mex=0x1400 src=main.GameLauncher xy=600,328 scr=600,353
1789655799510 RELEASED btn=3 mex=0x400 src=main.GameLauncher xy=600,328 scr=600,353
1789655799511 CLICKED btn=3 mex=0x400 src=main.GameLauncher xy=600,328 scr=600,353
1789655799679 MOVED btn=0 mex=0x0 src=start.StartPanel xy=603,303 scr=603,356
1789655799683 MOVED btn=0 mex=0x0 src=start.StartPanel xy=603,303 scr=603,356
1789655799771 MOVED btn=0 mex=0x0 src=start.StartPanel xy=606,306 scr=606,359
1789655799845 EXITED btn=0 mex=0x0 src=start.StartPanel xy=3320,1207 scr=3320,1260
1789655801554 ENTERED btn=0 mex=0x400 src=start.StartPanel xy=826,376 scr=826,428
1789655801717 PRESSED btn=3 mex=0x1400 src=main.GameLauncher xy=600,328 scr=600,353
1789655801884 RELEASED btn=3 mex=0x0 src=main.GameLauncher xy=600,328 scr=600,353
1789655801884 CLICKED btn=3 mex=0x0 src=main.GameLauncher xy=600,328 scr=600,353
1789655801972 MOVED btn=0 mex=0x0 src=start.StartPanel xy=603,303 scr=603,356
1789655801977 MOVED btn=0 mex=0x0 src=start.StartPanel xy=603,303 scr=603,356
1789655802053 MOVED btn=0 mex=0x0 src=start.StartPanel xy=606,306 scr=606,359
1789655802054 MOVED btn=0 mex=0x0 src=start.StartPanel xy=606,306 scr=606,359
1789655802132 EXITED btn=0 mex=0x0 src=start.StartPanel xy=3320,1207 scr=3320,1260
1789655803832 ENTERED btn=0 mex=0x400 src=start.StartPanel xy=826,376 scr=826,428
1789655804084 MOVED btn=0 mex=0x0 src=start.StartPanel xy=603,303 scr=603,356
1789655804086 MOVED btn=0 mex=0x0 src=start.StartPanel xy=603,303 scr=603,356
1789655804169 MOVED btn=0 mex=0x0 src=start.StartPanel xy=606,306 scr=606,359
1789655804171 MOVED btn=0 mex=0x0 src=start.StartPanel xy=606,306 scr=606,359
1789655804249 EXITED btn=0 mex=0x0 src=start.StartPanel xy=3320,1207 scr=3320,1260
1789655805035 ENTERED btn=0 mex=0x0 src=start.StartPanel xy=600,300 scr=600,353
1789655805120 PRESSED btn=1 mex=0x400 src=start.StartPanel xy=600,300 scr=600,353
1789655805456 DRAGGED btn=1 mex=0x400 src=start.StartPanel xy=826,376 scr=826,428
1789655805539 EXITED btn=1 mex=0x400 src=start.StartPanel xy=1053,452 scr=1053,504
1789655805539 DRAGGED btn=1 mex=0x400 src=start.StartPanel xy=1053,452 scr=1053,504
1789655805623 DRAGGED btn=1 mex=0x400 src=start.StartPanel xy=1280,527 scr=1280,579
1789655805708 DRAGGED btn=1 mex=0x400 src=start.StartPanel xy=1506,603 scr=1506,655
1789655805794 DRAGGED btn=1 mex=0x400 src=start.StartPanel xy=1733,677 scr=1733,730
1789655805876 DRAGGED btn=1 mex=0x400 src=start.StartPanel xy=1960,753 scr=1960,806
1789655805960 DRAGGED btn=1 mex=0x400 src=start.StartPanel xy=2186,829 scr=2186,882
1789655806044 DRAGGED btn=1 mex=0x400 src=start.StartPanel xy=2413,904 scr=2413,957
1789655806126 DRAGGED btn=1 mex=0x400 src=start.StartPanel xy=2640,980 scr=2640,1033
1789655806209 DRAGGED btn=1 mex=0x400 src=start.StartPanel xy=2866,1055 scr=2866,1108
1789655806294 DRAGGED btn=1 mex=0x400 src=start.StartPanel xy=3093,1131 scr=3093,1184
1789655806377 DRAGGED btn=1 mex=0x400 src=start.StartPanel xy=3320,1207 scr=3320,1260
1789655806805 RELEASED btn=1 mex=0x1000 src=start.StartPanel xy=3320,1207 scr=3320,1260
1789655808479 ENTERED btn=0 mex=0x0 src=start.StartPanel xy=603,303 scr=603,356
1789655808479 MOVED btn=0 mex=0x0 src=start.StartPanel xy=603,303 scr=603,356
1789655808480 MOVED btn=0 mex=0x0 src=start.StartPanel xy=603,303 scr=603,356
1789655808558 MOVED btn=0 mex=0x0 src=start.StartPanel xy=606,306 scr=606,359
1789655808559 MOVED btn=0 mex=0x0 src=start.StartPanel xy=606,306 scr=606,359
1789655808639 EXITED btn=0 mex=0x0 src=start.StartPanel xy=3320,1207 scr=3320,1260
1789655809423 ENTERED btn=0 mex=0x0 src=start.StartPanel xy=600,300 scr=600,353
1789655809426 MOVED btn=0 mex=0x0 src=start.StartPanel xy=600,300 scr=600,353
1789655809428 MOVED btn=0 mex=0x0 src=start.StartPanel xy=600,300 scr=600,353
1789655809510 PRESSED btn=3 mex=0x1000 src=start.StartPanel xy=600,300 scr=600,353
1789655809597 DRAGGED btn=3 mex=0x1000 src=start.StartPanel xy=605,305 scr=605,358
1789655809675 DRAGGED btn=3 mex=0x1000 src=start.StartPanel xy=610,310 scr=610,363
1789655809759 DRAGGED btn=3 mex=0x1000 src=start.StartPanel xy=615,315 scr=615,368
1789655809844 DRAGGED btn=3 mex=0x1000 src=start.StartPanel xy=620,320 scr=620,373
1789655809927 DRAGGED btn=3 mex=0x1000 src=start.StartPanel xy=625,325 scr=625,378
1789655810013 DRAGGED btn=3 mex=0x1000 src=start.StartPanel xy=630,330 scr=630,383
1789655810094 DRAGGED btn=3 mex=0x1000 src=start.StartPanel xy=635,335 scr=635,388
1789655810179 DRAGGED btn=3 mex=0x1000 src=start.StartPanel xy=640,340 scr=640,393
1789655810260 DRAGGED btn=3 mex=0x1000 src=start.StartPanel xy=645,345 scr=645,398
1789655810343 DRAGGED btn=3 mex=0x1000 src=start.StartPanel xy=650,350 scr=650,403
1789655810427 DRAGGED btn=3 mex=0x1000 src=start.StartPanel xy=655,355 scr=655,408
1789655810512 DRAGGED btn=3 mex=0x1000 src=start.StartPanel xy=660,360 scr=660,413
1789655810593 RELEASED btn=3 mex=0x100 src=start.StartPanel xy=660,360 scr=660,413
1789655810675 MOVED btn=0 mex=0x0 src=start.StartPanel xy=663,363 scr=663,416
1789655810677 MOVED btn=0 mex=0x0 src=start.StartPanel xy=663,363 scr=663,416
1789655810753 EXITED btn=0 mex=0x0 src=start.StartPanel xy=3320,1207 scr=3320,1260
