GEOMETRY 0,53 1024x640
SAMEAPP 1104,153 300x300
1789613431770 ENTERED btn=0 mex=0x0 src=start.StartPanel xy=600,300 scr=600,353
1789613431841 PRESSED btn=1 mex=0x400 src=start.StartPanel xy=600,300 scr=600,353
1789613431924 RELEASED btn=1 mex=0x0 src=start.StartPanel xy=600,300 scr=600,353
1789613431924 CLICKED btn=1 mex=0x0 src=start.StartPanel xy=600,300 scr=600,353
1789613432002 MOVED btn=0 mex=0x0 src=start.StartPanel xy=603,303 scr=603,356
1789613432004 MOVED btn=0 mex=0x0 src=start.StartPanel xy=603,303 scr=603,356
1789613432085 EXITED btn=0 mex=0x0 src=start.StartPanel xy=1254,250 scr=1254,303
1789613432085 ENTERED btn=0 mex=0x0 src=javax.swing.JFrame xy=150,150 scr=1254,303
1789613432087 MOVED btn=0 mex=0x0 src=javax.swing.JFrame xy=150,150 scr=1254,303
1789613432089 MOVED btn=0 mex=0x0 src=javax.swing.JFrame xy=150,150 scr=1254,303
1789613432884 PRESSED btn=1 mex=0x400 src=javax.swing.JFrame xy=150,150 scr=1254,303
1789613432961 DRAGGED btn=1 mex=0x400 src=javax.swing.JFrame xy=95,155 scr=1199,307
1789613433046 DRAGGED btn=1 mex=0x400 src=javax.swing.JFrame xy=41,159 scr=1145,311
1789613433122 EXITED btn=1 mex=0x400 src=javax.swing.JFrame xy=-13,163 scr=1090,315
1789613433122 DRAGGED btn=1 mex=0x400 src=javax.swing.JFrame xy=-13,163 scr=1090,315
1789613433207 DRAGGED btn=1 mex=0x400 src=javax.swing.JFrame xy=-68,167 scr=1036,319
1789613433288 ENTERED btn=0 mex=0x400 src=start.StartPanel xy=981,271 scr=981,323
1789613433292 DRAGGED btn=1 mex=0x400 src=javax.swing.JFrame xy=-122,171 scr=981,323
1789613433378 DRAGGED btn=1 mex=0x400 src=javax.swing.JFrame xy=-177,175 scr=927,328
1789613433465 DRAGGED btn=1 mex=0x400 src=javax.swing.JFrame xy=-231,180 scr=872,332
1789613433544 DRAGGED btn=1 mex=0x400 src=javax.swing.JFrame xy=-286,184 scr=818,336
1789613433629 DRAGGED btn=1 mex=0x400 src=javax.swing.JFrame xy=-340,188 scr=763,340
1789613433713 DRAGGED btn=1 mex=0x400 src=javax.swing.JFrame xy=-395,192 scr=709,344
1789613433798 DRAGGED btn=1 mex=0x400 src=javax.swing.JFrame xy=-449,196 scr=654,348
1789613433884 DRAGGED btn=1 mex=0x400 src=javax.swing.JFrame xy=-504,200 scr=600,353
1789613433960 PRESSED btn=3 mex=0x1400 src=main.GameLauncher xy=600,328 scr=600,353
1789613434042 RELEASED btn=3 mex=0x400 src=main.GameLauncher xy=600,328 scr=600,353
1789613434043 CLICKED btn=3 mex=0x400 src=main.GameLauncher xy=600,328 scr=600,353
1789613434127 RELEASED btn=1 mex=0x0 src=javax.swing.JFrame xy=-504,200 scr=600,353
1789613434210 MOVED btn=0 mex=0x0 src=start.StartPanel xy=603,303 scr=603,356
1789613434212 MOVED btn=0 mex=0x0 src=start.StartPanel xy=603,303 scr=603,356
1789613434298 MOVED btn=0 mex=0x0 src=start.StartPanel xy=606,306 scr=606,359
1789613434373 EXITED btn=0 mex=0x0 src=start.StartPanel xy=1254,250 scr=1254,303
1789613434378 ENTERED btn=0 mex=0x0 src=javax.swing.JFrame xy=150,150 scr=1254,303
1789613434378 MOVED btn=0 mex=0x0 src=javax.swing.JFrame xy=150,150 scr=1254,303
1789613434380 MOVED btn=0 mex=0x0 src=javax.swing.JFrame xy=150,150 scr=1254,303
1789613435170 PRESSED btn=1 mex=0x400 src=javax.swing.JFrame xy=150,150 scr=1254,303
1789613435242 DRAGGED btn=1 mex=0x400 src=javax.swing.JFrame xy=95,155 scr=1199,307
1789613435322 DRAGGED btn=1 mex=0x400 src=javax.swing.JFrame xy=41,159 scr=1145,311
1789613435405 EXITED btn=1 mex=0x400 src=javax.swing.JFrame xy=-13,163 scr=1090,315
1789613435405 DRAGGED btn=1 mex=0x400 src=javax.swing.JFrame xy=-13,163 scr=1090,315
1789613435487 DRAGGED btn=1 mex=0x400 src=javax.swing.JFrame xy=-68,167 scr=1036,319
1789613435567 ENTERED btn=0 mex=0x400 src=start.StartPanel xy=981,271 scr=981,323
1789613435572 DRAGGED btn=1 mex=0x400 src=javax.swing.JFrame xy=-122,171 scr=981,323
1789613435650 DRAGGED btn=1 mex=0x400 src=javax.swing.JFrame xy=-177,175 scr=927,328
1789613435737 DRAGGED btn=1 mex=0x400 src=javax.swing.JFrame xy=-231,180 scr=872,332
1789613435821 DRAGGED btn=1 mex=0x400 src=javax.swing.JFrame xy=-286,184 scr=818,336
1789613435906 DRAGGED btn=1 mex=0x400 src=javax.swing.JFrame xy=-340,188 scr=763,340
1789613435990 DRAGGED btn=1 mex=0x400 src=javax.swing.JFrame xy=-395,192 scr=709,344
1789613436093 DRAGGED btn=1 mex=0x400 src=javax.swing.JFrame xy=-449,196 scr=654,348
1789613436156 DRAGGED btn=1 mex=0x400 src=javax.swing.JFrame xy=-504,200 scr=600,353
1789613436244 PRESSED btn=3 mex=0x1400 src=main.GameLauncher xy=600,328 scr=600,353
1789613436322 RELEASED btn=1 mex=0x1000 src=javax.swing.JFrame xy=-504,200 scr=600,353
1789613436405 RELEASED btn=3 mex=0x0 src=main.GameLauncher xy=600,328 scr=600,353
1789613436405 CLICKED btn=3 mex=0x0 src=main.GameLauncher xy=600,328 scr=600,353
1789613436488 MOVED btn=0 mex=0x0 src=start.StartPanel xy=603,303 scr=603,356
1789613436488 MOVED btn=0 mex=0x0 src=start.StartPanel xy=603,303 scr=603,356
1789613436574 MOVED btn=0 mex=0x0 src=start.StartPanel xy=606,306 scr=606,359
1789613436659 EXITED btn=0 mex=0x0 src=start.StartPanel xy=1254,250 scr=1254,303
1789613436659 ENTERED btn=0 mex=0x0 src=javax.swing.JFrame xy=150,150 scr=1254,303
1789613436659 MOVED btn=0 mex=0x0 src=javax.swing.JFrame xy=150,150 scr=1254,303
1789613437449 PRESSED btn=1 mex=0x400 src=javax.swing.JFrame xy=150,150 scr=1254,303
1789613437528 DRAGGED btn=1 mex=0x400 src=javax.swing.JFrame xy=95,155 scr=1199,307
1789613437611 DRAGGED btn=1 mex=0x400 src=javax.swing.JFrame xy=41,159 scr=1145,311
1789613437692 EXITED btn=1 mex=0x400 src=javax.swing.JFrame xy=-13,163 scr=1090,315
1789613437692 DRAGGED btn=1 mex=0x400 src=javax.swing.JFrame xy=-13,163 scr=1090,315
1789613437776 DRAGGED btn=1 mex=0x400 src=javax.swing.JFrame xy=-68,167 scr=1036,319
1789613437857 ENTERED btn=0 mex=0x400 src=start.StartPanel xy=981,271 scr=981,323
1789613437859 DRAGGED btn=1 mex=0x400 src=javax.swing.JFrame xy=-122,171 scr=981,323
1789613437942 DRAGGED btn=1 mex=0x400 src=javax.swing.JFrame xy=-177,175 scr=927,328
1789613438024 DRAGGED btn=1 mex=0x400 src=javax.swing.JFrame xy=-231,180 scr=872,332
1789613438107 DRAGGED btn=1 mex=0x400 src=javax.swing.JFrame xy=-286,184 scr=818,336
1789613438186 DRAGGED btn=1 mex=0x400 src=javax.swing.JFrame xy=-340,188 scr=763,340
1789613438268 DRAGGED btn=1 mex=0x400 src=javax.swing.JFrame xy=-395,192 scr=709,344
1789613438353 DRAGGED btn=1 mex=0x400 src=javax.swing.JFrame xy=-449,196 scr=654,348
1789613438437 DRAGGED btn=1 mex=0x400 src=javax.swing.JFrame xy=-504,200 scr=600,353
1789613438520 RELEASED btn=1 mex=0x0 src=javax.swing.JFrame xy=-504,200 scr=600,353
1789613438599 MOVED btn=0 mex=0x0 src=start.StartPanel xy=603,303 scr=603,356
1789613438601 MOVED btn=0 mex=0x0 src=start.StartPanel xy=603,303 scr=603,356
1789613438683 MOVED btn=0 mex=0x0 src=start.StartPanel xy=606,306 scr=606,359
1789613438685 MOVED btn=0 mex=0x0 src=start.StartPanel xy=606,306 scr=606,359
1789613438765 EXITED btn=0 mex=0x0 src=start.StartPanel xy=1254,250 scr=1254,303
1789613438769 ENTERED btn=0 mex=0x0 src=javax.swing.JFrame xy=150,150 scr=1254,303
1789613438769 MOVED btn=0 mex=0x0 src=javax.swing.JFrame xy=150,150 scr=1254,303
1789613438772 MOVED btn=0 mex=0x0 src=javax.swing.JFrame xy=150,150 scr=1254,303
