GEOMETRY 0,53 1024x640
SAMEAPP 1104,153 300x300
SAMEAPPCLASS javax.swing.JFrame
1789655859211 ENTERED btn=0 mex=0x0 src=javax.swing.JFrame xy=150,150 scr=1254,303
1789655861988 EXITED btn=0 mex=0x0 src=javax.swing.JFrame xy=-504,200 scr=600,353
1789655861991 ENTERED btn=0 mex=0x0 src=start.StartPanel xy=600,300 scr=600,353
1789655861991 MOVED btn=0 mex=0x0 src=start.StartPanel xy=600,300 scr=600,353
1789655861992 MOVED btn=0 mex=0x0 src=start.StartPanel xy=600,300 scr=600,353
1789655862056 PRESSED btn=1 mex=0x400 src=start.StartPanel xy=600,300 scr=600,353
1789655862142 RELEASED btn=1 mex=0x0 src=start.StartPanel xy=600,300 scr=600,353
1789655862142 CLICKED btn=1 mex=0x0 src=start.StartPanel xy=600,300 scr=600,353
1789655862221 MOVED btn=0 mex=0x0 src=start.StartPanel xy=603,303 scr=603,356
1789655862223 MOVED btn=0 mex=0x0 src=start.StartPanel xy=603,303 scr=603,356
1789655862300 EXITED btn=0 mex=0x0 src=start.StartPanel xy=1254,250 scr=1254,303
1789655862300 ENTERED btn=0 mex=0x0 src=javax.swing.JFrame xy=150,150 scr=1254,303
1789655862304 MOVED btn=0 mex=0x0 src=javax.swing.JFrame xy=150,150 scr=1254,303
1789655862306 MOVED btn=0 mex=0x0 src=javax.swing.JFrame xy=150,150 scr=1254,303
1789655863097 PRESSED btn=1 mex=0x400 src=javax.swing.JFrame xy=150,150 scr=1254,303
1789655863173 DRAGGED btn=1 mex=0x400 src=javax.swing.JFrame xy=95,155 scr=1199,307
1789655863255 DRAGGED btn=1 mex=0x400 src=javax.swing.JFrame xy=41,159 scr=1145,311
1789655863336 EXITED btn=1 mex=0x400 src=javax.swing.JFrame xy=-13,163 scr=1090,315
1789655863336 DRAGGED btn=1 mex=0x400 src=javax.swing.JFrame xy=-13,163 scr=1090,315
1789655863420 DRAGGED btn=1 mex=0x400 src=javax.swing.JFrame xy=-68,167 scr=1036,319
1789655863500 ENTERED btn=0 mex=0x400 src=start.StartPanel xy=981,271 scr=981,323
1789655863503 DRAGGED btn=1 mex=0x400 src=javax.swing.JFrame xy=-122,171 scr=981,323
1789655863585 DRAGGED btn=1 mex=0x400 src=javax.swing.JFrame xy=-177,175 scr=927,328
1789655863667 DRAGGED btn=1 mex=0x400 src=javax.swing.JFrame xy=-231,180 scr=872,332
1789655863752 DRAGGED btn=1 mex=0x400 src=javax.swing.JFrame xy=-286,184 scr=818,336
1789655863836 DRAGGED btn=1 mex=0x400 src=javax.swing.JFrame xy=-340,188 scr=763,340
1789655863920 DRAGGED btn=1 mex=0x400 src=javax.swing.JFrame xy=-395,192 scr=709,344
1789655864002 DRAGGED btn=1 mex=0x400 src=javax.swing.JFrame xy=-449,196 scr=654,348
1789655864086 DRAGGED btn=1 mex=0x400 src=javax.swing.JFrame xy=-504,200 scr=600,353
1789655864170 PRESSED btn=3 mex=0x1400 src=main.GameLauncher xy=600,328 scr=600,353
1789655864252 RELEASED btn=3 mex=0x400 src=main.GameLauncher xy=600,328 scr=600,353
1789655864252 CLICKED btn=3 mex=0x400 src=main.GameLauncher xy=600,328 scr=600,353
1789655864336 RELEASED btn=1 mex=0x0 src=javax.swing.JFrame xy=-504,200 scr=600,353
1789655864419 MOVED btn=0 mex=0x0 src=start.StartPanel xy=603,303 scr=603,356
1789655864421 MOVED btn=0 mex=0x0 src=start.StartPanel xy=603,303 scr=603,356
1789655864504 MOVED btn=0 mex=0x0 src=start.StartPanel xy=606,306 scr=606,359
1789655864506 MOVED btn=0 mex=0x0 src=start.StartPanel xy=606,306 scr=606,359
1789655864584 EXITED btn=0 mex=0x0 src=start.StartPanel xy=1254,250 scr=1254,303
1789655864587 ENTERED btn=0 mex=0x0 src=javax.swing.JFrame xy=150,150 scr=1254,303
1789655864587 MOVED btn=0 mex=0x0 src=javax.swing.JFrame xy=150,150 scr=1254,303
1789655864589 MOVED btn=0 mex=0x0 src=javax.swing.JFrame xy=150,150 scr=1254,303
1789655865380 PRESSED btn=1 mex=0x400 src=javax.swing.JFrame xy=150,150 scr=1254,303
1789655865458 DRAGGED btn=1 mex=0x400 src=javax.swing.JFrame xy=95,155 scr=1199,307
1789655865542 DRAGGED btn=1 mex=0x400 src=javax.swing.JFrame xy=41,159 scr=1145,311
1789655865626 EXITED btn=1 mex=0x400 src=javax.swing.JFrame xy=-13,163 scr=1090,315
1789655865626 DRAGGED btn=1 mex=0x400 src=javax.swing.JFrame xy=-13,163 scr=1090,315
1789655865711 DRAGGED btn=1 mex=0x400 src=javax.swing.JFrame xy=-68,167 scr=1036,319
1789655865794 ENTERED btn=0 mex=0x400 src=start.StartPanel xy=981,271 scr=981,323
1789655865795 DRAGGED btn=1 mex=0x400 src=javax.swing.JFrame xy=-122,171 scr=981,323
1789655865877 DRAGGED btn=1 mex=0x400 src=javax.swing.JFrame xy=-177,175 scr=927,328
1789655865962 DRAGGED btn=1 mex=0x400 src=javax.swing.JFrame xy=-231,180 scr=872,332
1789655866044 DRAGGED btn=1 mex=0x400 src=javax.swing.JFrame xy=-286,184 scr=818,336
1789655866128 DRAGGED btn=1 mex=0x400 src=javax.swing.JFrame xy=-340,188 scr=763,340
1789655866211 DRAGGED btn=1 mex=0x400 src=javax.swing.JFrame xy=-395,192 scr=709,344
1789655866294 DRAGGED btn=1 mex=0x400 src=javax.swing.JFrame xy=-449,196 scr=654,348
1789655866374 DRAGGED btn=1 mex=0x400 src=javax.swing.JFrame xy=-504,200 scr=600,353
1789655866457 PRESSED btn=3 mex=0x1400 src=main.GameLauncher xy=600,328 scr=600,353
1789655866544 RELEASED btn=1 mex=0x1000 src=javax.swing.JFrame xy=-504,200 scr=600,353
1789655866628 RELEASED btn=3 mex=0x0 src=main.GameLauncher xy=600,328 scr=600,353
1789655866628 CLICKED btn=3 mex=0x0 src=main.GameLauncher xy=600,328 scr=600,353
1789655866709 MOVED btn=0 mex=0x0 src=start.StartPanel xy=603,303 scr=603,356
1789655866710 MOVED btn=0 mex=0x0 src=start.StartPanel xy=603,303 scr=603,356
1789655866794 MOVED btn=0 mex=0x0 src=start.StartPanel xy=606,306 scr=606,359
1789655866796 MOVED btn=0 mex=0x0 src=start.StartPanel xy=606,306 scr=606,359
1789655866875 EXITED btn=0 mex=0x0 src=start.StartPanel xy=1254,250 scr=1254,303
1789655866878 ENTERED btn=0 mex=0x0 src=javax.swing.JFrame xy=150,150 scr=1254,303
1789655866878 MOVED btn=0 mex=0x0 src=javax.swing.JFrame xy=150,150 scr=1254,303
1789655866879 MOVED btn=0 mex=0x0 src=javax.swing.JFrame xy=150,150 scr=1254,303
1789655867668 PRESSED btn=1 mex=0x400 src=javax.swing.JFrame xy=150,150 scr=1254,303
1789655867750 DRAGGED btn=1 mex=0x400 src=javax.swing.JFrame xy=95,155 scr=1199,307
1789655867833 DRAGGED btn=1 mex=0x400 src=javax.swing.JFrame xy=41,159 scr=1145,311
1789655867915 EXITED btn=1 mex=0x400 src=javax.swing.JFrame xy=-13,163 scr=1090,315
1789655867915 DRAGGED btn=1 mex=0x400 src=javax.swing.JFrame xy=-13,163 scr=1090,315
1789655867997 DRAGGED btn=1 mex=0x400 src=javax.swing.JFrame xy=-68,167 scr=1036,319
1789655868076 ENTERED btn=0 mex=0x400 src=start.StartPanel xy=981,271 scr=981,323
1789655868078 DRAGGED btn=1 mex=0x400 src=javax.swing.JFrame xy=-122,171 scr=981,323
1789655868164 DRAGGED btn=1 mex=0x400 src=javax.swing.JFrame xy=-177,175 scr=927,328
1789655868244 DRAGGED btn=1 mex=0x400 src=javax.swing.JFrame xy=-231,180 scr=872,332
1789655868327 DRAGGED btn=1 mex=0x400 src=javax.swing.JFrame xy=-286,184 scr=818,336
1789655868409 DRAGGED btn=1 mex=0x400 src=javax.swing.JFrame xy=-340,188 scr=763,340
1789655868494 DRAGGED btn=1 mex=0x400 src=javax.swing.JFrame xy=-395,192 scr=709,344
1789655868582 DRAGGED btn=1 mex=0x400 src=javax.swing.JFrame xy=-449,196 scr=654,348
1789655868661 DRAGGED btn=1 mex=0x400 src=javax.swing.JFrame xy=-504,200 scr=600,353
1789655868744 RELEASED btn=1 mex=0x0 src=javax.swing.JFrame xy=-504,200 scr=600,353
1789655868830 MOVED btn=0 mex=0x0 src=start.StartPanel xy=603,303 scr=603,356
1789655868831 MOVED btn=0 mex=0x0 src=start.StartPanel xy=603,303 scr=603,356
1789655868912 MOVED btn=0 mex=0x0 src=start.StartPanel xy=606,306 scr=606,359
1789655868913 MOVED btn=0 mex=0x0 src=start.StartPanel xy=606,306 scr=606,359
1789655868993 EXITED btn=0 mex=0x0 src=start.StartPanel xy=1254,250 scr=1254,303
1789655868993 ENTERED btn=0 mex=0x0 src=javax.swing.JFrame xy=150,150 scr=1254,303
1789655868994 MOVED btn=0 mex=0x0 src=javax.swing.JFrame xy=150,150 scr=1254,303
1789655868996 MOVED btn=0 mex=0x0 src=javax.swing.JFrame xy=150,150 scr=1254,303
1789655869777 EXITED btn=0 mex=0x0 src=javax.swing.JFrame xy=-504,200 scr=600,353
1789655869777 ENTERED btn=0 mex=0x0 src=start.StartPanel xy=600,300 scr=600,353
1789655869780 MOVED btn=0 mex=0x0 src=start.StartPanel xy=600,300 scr=600,353
1789655869782 MOVED btn=0 mex=0x0 src=start.StartPanel xy=600,300 scr=600,353
1789655869864 PRESSED btn=1 mex=0x400 src=start.StartPanel xy=600,300 scr=600,353
1789655870199 DRAGGED btn=1 mex=0x400 src=start.StartPanel xy=654,296 scr=654,348
1789655870283 DRAGGED btn=1 mex=0x400 src=start.StartPanel xy=709,292 scr=709,344
1789655870368 DRAGGED btn=1 mex=0x400 src=start.StartPanel xy=763,288 scr=763,340
1789655870452 DRAGGED btn=1 mex=0x400 src=start.StartPanel xy=818,284 scr=818,336
1789655870537 DRAGGED btn=1 mex=0x400 src=start.StartPanel xy=872,280 scr=872,332
1789655870620 DRAGGED btn=1 mex=0x400 src=start.StartPanel xy=927,275 scr=927,328
1789655870702 DRAGGED btn=1 mex=0x400 src=start.StartPanel xy=981,271 scr=981,323
1789655870786 EXITED btn=1 mex=0x400 src=start.StartPanel xy=1036,267 scr=1036,319
1789655870786 DRAGGED btn=1 mex=0x400 src=start.StartPanel xy=1036,267 scr=1036,319
1789655870869 DRAGGED btn=1 mex=0x400 src=start.StartPanel xy=1090,263 scr=1090,315
1789655870949 ENTERED btn=0 mex=0x400 src=javax.swing.JFrame xy=41,159 scr=1145,311
1789655870953 DRAGGED btn=1 mex=0x400 src=start.StartPanel xy=1145,259 scr=1145,311
1789655871035 DRAGGED btn=1 mex=0x400 src=start.StartPanel xy=1199,255 scr=1199,307
1789655871120 DRAGGED btn=1 mex=0x400 src=start.StartPanel xy=1254,250 scr=1254,303
1789655871456 PRESSED btn=3 mex=0x1400 src=javax.swing.JFrame xy=150,150 scr=1254,303
1789655871540 RELEASED btn=1 mex=0x1000 src=start.StartPanel xy=1254,250 scr=1254,303
1789655871877 DRAGGED btn=3 mex=0x1000 src=javax.swing.JFrame xy=95,155 scr=1199,307
1789655871962 DRAGGED btn=3 mex=0x1000 src=javax.swing.JFrame xy=41,159 scr=1145,311
1789655872044 EXITED btn=3 mex=0x1000 src=javax.swing.JFrame xy=-13,163 scr=1090,315
1789655872044 DRAGGED btn=3 mex=0x1000 src=javax.swing.JFrame xy=-13,163 scr=1090,315
1789655872126 DRAGGED btn=3 mex=0x1000 src=javax.swing.JFrame xy=-68,167 scr=1036,319
1789655872208 DRAGGED btn=3 mex=0x1000 src=javax.swing.JFrame xy=-122,171 scr=981,323
1789655872208 ENTERED btn=3 mex=0x1000 src=start.StartPanel xy=982,271 scr=981,323
1789655872292 DRAGGED btn=3 mex=0x1000 src=javax.swing.JFrame xy=-177,175 scr=927,328
1789655872369 DRAGGED btn=3 mex=0x1000 src=javax.swing.JFrame xy=-231,180 scr=872,332
1789655872454 DRAGGED btn=3 mex=0x1000 src=javax.swing.JFrame xy=-286,184 scr=818,336
1789655872536 DRAGGED btn=3 mex=0x1000 src=javax.swing.JFrame xy=-340,188 scr=763,340
1789655872620 DRAGGED btn=3 mex=0x1000 src=javax.swing.JFrame xy=-395,192 scr=709,344
1789655872704 DRAGGED btn=3 mex=0x1000 src=javax.swing.JFrame xy=-449,196 scr=654,348
1789655872786 DRAGGED btn=3 mex=0x1000 src=javax.swing.JFrame xy=-504,200 scr=600,353
1789655873124 RELEASED btn=3 mex=0x0 src=javax.swing.JFrame xy=-504,200 scr=600,353
1789655873204 MOVED btn=0 mex=0x0 src=start.StartPanel xy=603,303 scr=603,356
1789655873206 MOVED btn=0 mex=0x0 src=start.StartPanel xy=603,303 scr=603,356
1789655873286 MOVED btn=0 mex=0x0 src=start.StartPanel xy=606,306 scr=606,359
1789655873288 MOVED btn=0 mex=0x0 src=start.StartPanel xy=606,306 scr=606,359
1789655873366 EXITED btn=0 mex=0x0 src=start.StartPanel xy=1254,250 scr=1254,303
1789655873369 ENTERED btn=0 mex=0x0 src=javax.swing.JFrame xy=150,150 scr=1254,303
1789655873370 MOVED btn=0 mex=0x0 src=javax.swing.JFrame xy=150,150 scr=1254,303
1789655873371 MOVED btn=0 mex=0x0 src=javax.swing.JFrame xy=150,150 scr=1254,303
1789655874153 EXITED btn=0 mex=0x0 src=javax.swing.JFrame xy=-504,200 scr=600,353
1789655874153 ENTERED btn=0 mex=0x0 src=start.StartPanel xy=600,300 scr=600,353
1789655874160 MOVED btn=0 mex=0x0 src=start.StartPanel xy=600,300 scr=600,353
1789655874162 MOVED btn=0 mex=0x0 src=start.StartPanel xy=600,300 scr=600,353
1789655874239 PRESSED btn=3 mex=0x1000 src=start.StartPanel xy=600,300 scr=600,353
1789655874321 DRAGGED btn=3 mex=0x1000 src=start.StartPanel xy=605,305 scr=605,358
1789655874405 DRAGGED btn=3 mex=0x1000 src=start.StartPanel xy=610,310 scr=610,363
1789655874491 DRAGGED btn=3 mex=0x1000 src=start.StartPanel xy=615,315 scr=615,368
1789655874572 DRAGGED btn=3 mex=0x1000 src=start.StartPanel xy=620,320 scr=620,373
1789655874656 DRAGGED btn=3 mex=0x1000 src=start.StartPanel xy=625,325 scr=625,378
1789655874739 DRAGGED btn=3 mex=0x1000 src=start.StartPanel xy=630,330 scr=630,383
1789655874822 DRAGGED btn=3 mex=0x1000 src=start.StartPanel xy=635,335 scr=635,388
1789655874906 DRAGGED btn=3 mex=0x1000 src=start.StartPanel xy=640,340 scr=640,393
1789655874986 DRAGGED btn=3 mex=0x1000 src=start.StartPanel xy=645,345 scr=645,398
1789655875069 DRAGGED btn=3 mex=0x1000 src=start.StartPanel xy=650,350 scr=650,403
1789655875153 DRAGGED btn=3 mex=0x1000 src=start.StartPanel xy=655,355 scr=655,408
1789655875236 DRAGGED btn=3 mex=0x1000 src=start.StartPanel xy=660,360 scr=660,413
1789655875320 RELEASED btn=3 mex=0x100 src=start.StartPanel xy=660,360 scr=660,413
1789655875402 MOVED btn=0 mex=0x0 src=start.StartPanel xy=663,363 scr=663,416
1789655875403 MOVED btn=0 mex=0x0 src=start.StartPanel xy=663,363 scr=663,416
1789655875484 EXITED btn=0 mex=0x0 src=start.StartPanel xy=1254,250 scr=1254,303
1789655875484 ENTERED btn=0 mex=0x0 src=javax.swing.JFrame xy=150,150 scr=1254,303
1789655875487 MOVED btn=0 mex=0x0 src=javax.swing.JFrame xy=150,150 scr=1254,303
1789655875490 MOVED btn=0 mex=0x0 src=javax.swing.JFrame xy=150,150 scr=1254,303
