GEOMETRY 0,53 1024x640
SAMEAPP 1104,153 300x300
SAMEAPPCLASS javax.swing.JFrame
1789655881005 ENTERED btn=0 mex=0x0 src=javax.swing.JFrame xy=150,150 scr=1254,303
1789655883753 EXITED btn=0 mex=0x0 src=javax.swing.JFrame xy=-504,200 scr=600,353
1789655883756 ENTERED btn=0 mex=0x0 src=start.StartPanel xy=600,300 scr=600,353
1789655883756 MOVED btn=0 mex=0x0 src=start.StartPanel xy=600,300 scr=600,353
1789655883759 MOVED btn=0 mex=0x0 src=start.StartPanel xy=600,300 scr=600,353
1789655883811 PRESSED btn=1 mex=0x400 src=start.StartPanel xy=600,300 scr=600,353
1789655883898 RELEASED btn=1 mex=0x0 src=start.StartPanel xy=600,300 scr=600,353
1789655883898 CLICKED btn=1 mex=0x0 src=start.StartPanel xy=600,300 scr=600,353
1789655883975 MOVED btn=0 mex=0x0 src=start.StartPanel xy=603,303 scr=603,356
1789655883977 MOVED btn=0 mex=0x0 src=start.StartPanel xy=603,303 scr=603,356
1789655884060 EXITED btn=0 mex=0x0 src=start.StartPanel xy=1254,250 scr=1254,303
1789655884060 ENTERED btn=0 mex=0x0 src=javax.swing.JFrame xy=150,150 scr=1254,303
1789655884066 MOVED btn=0 mex=0x0 src=javax.swing.JFrame xy=150,150 scr=1254,303
1789655884068 MOVED btn=0 mex=0x0 src=javax.swing.JFrame xy=150,150 scr=1254,303
1789655884852 PRESSED btn=1 mex=0x400 src=javax.swing.JFrame xy=150,150 scr=1254,303
1789655884933 DRAGGED btn=1 mex=0x400 src=javax.swing.JFrame xy=95,155 scr=1199,307
1789655885017 DRAGGED btn=1 mex=0x400 src=javax.swing.JFrame xy=41,159 scr=1145,311
1789655885102 EXITED btn=1 mex=0x400 src=javax.swing.JFrame xy=-13,163 scr=1090,315
1789655885102 DRAGGED btn=1 mex=0x400 src=javax.swing.JFrame xy=-13,163 scr=1090,315
1789655885185 DRAGGED btn=1 mex=0x400 src=javax.swing.JFrame xy=-68,167 scr=1036,319
1789655885264 ENTERED btn=0 mex=0x400 src=start.StartPanel xy=981,271 scr=981,323
1789655885267 DRAGGED btn=1 mex=0x400 src=javax.swing.JFrame xy=-122,171 scr=981,323
1789655885351 DRAGGED btn=1 mex=0x400 src=javax.swing.JFrame xy=-177,175 scr=927,328
1789655885436 DRAGGED btn=1 mex=0x400 src=javax.swing.JFrame xy=-231,180 scr=872,332
1789655885519 DRAGGED btn=1 mex=0x400 src=javax.swing.JFrame xy=-286,184 scr=818,336
1789655885606 DRAGGED btn=1 mex=0x400 src=javax.swing.JFrame xy=-340,188 scr=763,340
1789655885686 DRAGGED btn=1 mex=0x400 src=javax.swing.JFrame xy=-395,192 scr=709,344
1789655885771 DRAGGED btn=1 mex=0x400 src=javax.swing.JFrame xy=-449,196 scr=654,348
1789655885855 DRAGGED btn=1 mex=0x400 src=javax.swing.JFrame xy=-504,200 scr=600,353
1789655885938 PRESSED btn=3 mex=0x1400 src=main.GameLauncher xy=600,328 scr=600,353
1789655886023 RELEASED btn=3 mex=0x400 src=main.GameLauncher xy=600,328 scr=600,353
1789655886023 CLICKED btn=3 mex=0x400 src=main.GameLauncher xy=600,328 scr=600,353
1789655886111 RELEASED btn=1 mex=0x0 src=javax.swing.JFrame xy=-504,200 scr=600,353
1789655886191 MOVED btn=0 mex=0x0 src=start.StartPanel xy=603,303 scr=603,356
1789655886193 MOVED btn=0 mex=0x0 src=start.StartPanel xy=603,303 scr=603,356
1789655886276 MOVED btn=0 mex=0x0 src=start.StartPanel xy=606,306 scr=606,359
1789655886278 MOVED btn=0 mex=0x0 src=start.StartPanel xy=606,306 scr=606,359
1789655886355 EXITED btn=0 mex=0x0 src=start.StartPanel xy=1254,250 scr=1254,303
1789655886358 ENTERED btn=0 mex=0x0 src=javax.swing.JFrame xy=150,150 scr=1254,303
1789655886358 MOVED btn=0 mex=0x0 src=javax.swing.JFrame xy=150,150 scr=1254,303
1789655886362 MOVED btn=0 mex=0x0 src=javax.swing.JFrame xy=150,150 scr=1254,303
1789655887146 PRESSED btn=1 mex=0x400 src=javax.swing.JFrame xy=150,150 scr=1254,303
1789655887224 DRAGGED btn=1 mex=0x400 src=javax.swing.JFrame xy=95,155 scr=1199,307
1789655887305 DRAGGED btn=1 mex=0x400 src=javax.swing.JFrame xy=41,159 scr=1145,311
1789655887391 EXITED btn=1 mex=0x400 src=javax.swing.JFrame xy=-13,163 scr=1090,315
1789655887391 DRAGGED btn=1 mex=0x400 src=javax.swing.JFrame xy=-13,163 scr=1090,315
1789655887472 DRAGGED btn=1 mex=0x400 src=javax.swing.JFrame xy=-68,167 scr=1036,319
1789655887553 ENTERED btn=0 mex=0x400 src=start.StartPanel xy=981,271 scr=981,323
1789655887556 DRAGGED btn=1 mex=0x400 src=javax.swing.JFrame xy=-122,171 scr=981,323
1789655887636 DRAGGED btn=1 mex=0x400 src=javax.swing.JFrame xy=-177,175 scr=927,328
1789655887720 DRAGGED btn=1 mex=0x400 src=javax.swing.JFrame xy=-231,180 scr=872,332
1789655887804 DRAGGED btn=1 mex=0x400 src=javax.swing.JFrame xy=-286,184 scr=818,336
1789655887885 DRAGGED btn=1 mex=0x400 src=javax.swing.JFrame xy=-340,188 scr=763,340
1789655887969 DRAGGED btn=1 mex=0x400 src=javax.swing.JFrame xy=-395,192 scr=709,344
1789655888053 DRAGGED btn=1 mex=0x400 src=javax.swing.JFrame xy=-449,196 scr=654,348
1789655888138 DRAGGED btn=1 mex=0x400 src=javax.swing.JFrame xy=-504,200 scr=600,353
1789655888221 PRESSED btn=3 mex=0x1400 src=main.GameLauncher xy=600,328 scr=600,353
1789655888304 RELEASED btn=1 mex=0x1000 src=javax.swing.JFrame xy=-504,200 scr=600,353
1789655888385 RELEASED btn=3 mex=0x0 src=main.GameLauncher xy=600,328 scr=600,353
1789655888386 CLICKED btn=3 mex=0x0 src=main.GameLauncher xy=600,328 scr=600,353
1789655888466 MOVED btn=0 mex=0x0 src=start.StartPanel xy=603,303 scr=603,356
1789655888468 MOVED btn=0 mex=0x0 src=start.StartPanel xy=603,303 scr=603,356
1789655888550 MOVED btn=0 mex=0x0 src=start.StartPanel xy=606,306 scr=606,359
1789655888552 MOVED btn=0 mex=0x0 src=start.StartPanel xy=606,306 scr=606,359
1789655888628 EXITED btn=0 mex=0x0 src=start.StartPanel xy=1254,250 scr=1254,303
1789655888632 ENTERED btn=0 mex=0x0 src=javax.swing.JFrame xy=150,150 scr=1254,303
1789655888632 MOVED btn=0 mex=0x0 src=javax.swing.JFrame xy=150,150 scr=1254,303
1789655888634 MOVED btn=0 mex=0x0 src=javax.swing.JFrame xy=150,150 scr=1254,303
1789655889423 PRESSED btn=1 mex=0x400 src=javax.swing.JFrame xy=150,150 scr=1254,303
1789655889506 DRAGGED btn=1 mex=0x400 src=javax.swing.JFrame xy=95,155 scr=1199,307
1789655889584 DRAGGED btn=1 mex=0x400 src=javax.swing.JFrame xy=41,159 scr=1145,311
1789655889668 EXITED btn=1 mex=0x400 src=javax.swing.JFrame xy=-13,163 scr=1090,315
1789655889669 DRAGGED btn=1 mex=0x400 src=javax.swing.JFrame xy=-13,163 scr=1090,315
1789655889750 DRAGGED btn=1 mex=0x400 src=javax.swing.JFrame xy=-68,167 scr=1036,319
1789655889830 ENTERED btn=0 mex=0x400 src=start.StartPanel xy=981,271 scr=981,323
1789655889833 DRAGGED btn=1 mex=0x400 src=javax.swing.JFrame xy=-122,171 scr=981,323
1789655889913 DRAGGED btn=1 mex=0x400 src=javax.swing.JFrame xy=-177,175 scr=927,328
1789655889995 DRAGGED btn=1 mex=0x400 src=javax.swing.JFrame xy=-231,180 scr=872,332
1789655890078 DRAGGED btn=1 mex=0x400 src=javax.swing.JFrame xy=-286,184 scr=818,336
1789655890159 DRAGGED btn=1 mex=0x400 src=javax.swing.JFrame xy=-340,188 scr=763,340
1789655890243 DRAGGED btn=1 mex=0x400 src=javax.swing.JFrame xy=-395,192 scr=709,344
1789655890326 DRAGGED btn=1 mex=0x400 src=javax.swing.JFrame xy=-449,196 scr=654,348
1789655890410 DRAGGED btn=1 mex=0x400 src=javax.swing.JFrame xy=-504,200 scr=600,353
1789655890491 RELEASED btn=1 mex=0x0 src=javax.swing.JFrame xy=-504,200 scr=600,353
1789655890572 MOVED btn=0 mex=0x0 src=start.StartPanel xy=603,303 scr=603,356
1789655890573 MOVED btn=0 mex=0x0 src=start.StartPanel xy=603,303 scr=603,356
1789655890654 MOVED btn=0 mex=0x0 src=start.StartPanel xy=606,306 scr=606,359
1789655890657 MOVED btn=0 mex=0x0 src=start.StartPanel xy=606,306 scr=606,359
1789655890733 EXITED btn=0 mex=0x0 src=start.StartPanel xy=1254,250 scr=1254,303
1789655890736 ENTERED btn=0 mex=0x0 src=javax.swing.JFrame xy=150,150 scr=1254,303
1789655890736 MOVED btn=0 mex=0x0 src=javax.swing.JFrame xy=150,150 scr=1254,303
1789655890738 MOVED btn=0 mex=0x0 src=javax.swing.JFrame xy=150,150 scr=1254,303
1789655891515 EXITED btn=0 mex=0x0 src=javax.swing.JFrame xy=-504,200 scr=600,353
1789655891515 ENTERED btn=0 mex=0x0 src=start.StartPanel xy=600,300 scr=600,353
1789655891520 MOVED btn=0 mex=0x0 src=start.StartPanel xy=600,300 scr=600,353
1789655891605 PRESSED btn=1 mex=0x400 src=start.StartPanel xy=600,300 scr=600,353
1789655891941 DRAGGED btn=1 mex=0x400 src=start.StartPanel xy=654,296 scr=654,348
1789655892020 DRAGGED btn=1 mex=0x400 src=start.StartPanel xy=709,292 scr=709,344
1789655892103 DRAGGED btn=1 mex=0x400 src=start.StartPanel xy=763,288 scr=763,340
1789655892187 DRAGGED btn=1 mex=0x400 src=start.StartPanel xy=818,284 scr=818,336
1789655892265 DRAGGED btn=1 mex=0x400 src=start.StartPanel xy=872,280 scr=872,332
1789655892348 DRAGGED btn=1 mex=0x400 src=start.StartPanel xy=927,275 scr=927,328
1789655892431 DRAGGED btn=1 mex=0x400 src=start.StartPanel xy=981,271 scr=981,323
1789655892515 EXITED btn=1 mex=0x400 src=start.StartPanel xy=1036,267 scr=1036,319
1789655892515 DRAGGED btn=1 mex=0x400 src=start.StartPanel xy=1036,267 scr=1036,319
1789655892598 DRAGGED btn=1 mex=0x400 src=start.StartPanel xy=1090,263 scr=1090,315
1789655892677 ENTERED btn=0 mex=0x400 src=javax.swing.JFrame xy=41,159 scr=1145,311
1789655892684 DRAGGED btn=1 mex=0x400 src=start.StartPanel xy=1145,259 scr=1145,311
1789655892764 DRAGGED btn=1 mex=0x400 src=start.StartPanel xy=1199,255 scr=1199,307
1789655892848 DRAGGED btn=1 mex=0x400 src=start.StartPanel xy=1254,250 scr=1254,303
1789655893186 PRESSED btn=3 mex=0x1400 src=javax.swing.JFrame xy=150,150 scr=1254,303
1789655893269 RELEASED btn=1 mex=0x1000 src=start.StartPanel xy=1254,250 scr=1254,303
1789655893605 DRAGGED btn=3 mex=0x1000 src=javax.swing.JFrame xy=95,155 scr=1199,307
1789655893686 DRAGGED btn=3 mex=0x1000 src=javax.swing.JFrame xy=41,159 scr=1145,311
1789655893770 EXITED btn=3 mex=0x1000 src=javax.swing.JFrame xy=-13,163 scr=1090,315
1789655893770 DRAGGED btn=3 mex=0x1000 src=javax.swing.JFrame xy=-13,163 scr=1090,315
1789655893853 DRAGGED btn=3 mex=0x1000 src=javax.swing.JFrame xy=-68,167 scr=1036,319
1789655893936 DRAGGED btn=3 mex=0x1000 src=javax.swing.JFrame xy=-122,171 scr=981,323
1789655893937 ENTERED btn=3 mex=0x1000 src=start.StartPanel xy=982,271 scr=981,323
1789655894020 DRAGGED btn=3 mex=0x1000 src=javax.swing.JFrame xy=-177,175 scr=927,328
1789655894102 DRAGGED btn=3 mex=0x1000 src=javax.swing.JFrame xy=-231,180 scr=872,332
1789655894185 DRAGGED btn=3 mex=0x1000 src=javax.swing.JFrame xy=-286,184 scr=818,336
1789655894270 DRAGGED btn=3 mex=0x1000 src=javax.swing.JFrame xy=-340,188 scr=763,340
1789655894354 DRAGGED btn=3 mex=0x1000 src=javax.swing.JFrame xy=-395,192 scr=709,344
1789655894432 DRAGGED btn=3 mex=0x1000 src=javax.swing.JFrame xy=-449,196 scr=654,348
1789655894516 DRAGGED btn=3 mex=0x1000 src=javax.swing.JFrame xy=-504,200 scr=600,353
1789655894849 RELEASED btn=3 mex=0x0 src=javax.swing.JFrame xy=-504,200 scr=600,353
1789655894931 MOVED btn=0 mex=0x0 src=start.StartPanel xy=603,303 scr=603,356
1789655894935 MOVED btn=0 mex=0x0 src=start.StartPanel xy=603,303 scr=603,356
1789655895016 MOVED btn=0 mex=0x0 src=start.StartPanel xy=606,306 scr=606,359
1789655895018 MOVED btn=0 mex=0x0 src=start.StartPanel xy=606,306 scr=606,359
1789655895093 EXITED btn=0 mex=0x0 src=start.StartPanel xy=1254,250 scr=1254,303
1789655895096 ENTERED btn=0 mex=0x0 src=javax.swing.JFrame xy=150,150 scr=1254,303
1789655895096 MOVED btn=0 mex=0x0 src=javax.swing.JFrame xy=150,150 scr=1254,303
1789655895098 MOVED btn=0 mex=0x0 src=javax.swing.JFrame xy=150,150 scr=1254,303
1789655895882 EXITED btn=0 mex=0x0 src=javax.swing.JFrame xy=-504,200 scr=600,353
1789655895883 ENTERED btn=0 mex=0x0 src=start.StartPanel xy=600,300 scr=600,353
1789655895887 MOVED btn=0 mex=0x0 src=start.StartPanel xy=600,300 scr=600,353
1789655895888 MOVED btn=0 mex=0x0 src=start.StartPanel xy=600,300 scr=600,353
1789655895965 PRESSED btn=3 mex=0x1000 src=start.StartPanel xy=600,300 scr=600,353
1789655896048 DRAGGED btn=3 mex=0x1000 src=start.StartPanel xy=605,305 scr=605,358
1789655896132 DRAGGED btn=3 mex=0x1000 src=start.StartPanel xy=610,310 scr=610,363
1789655896215 DRAGGED btn=3 mex=0x1000 src=start.StartPanel xy=615,315 scr=615,368
1789655896300 DRAGGED btn=3 mex=0x1000 src=start.StartPanel xy=620,320 scr=620,373
1789655896384 DRAGGED btn=3 mex=0x1000 src=start.StartPanel xy=625,325 scr=625,378
1789655896467 DRAGGED btn=3 mex=0x1000 src=start.StartPanel xy=630,330 scr=630,383
1789655896549 DRAGGED btn=3 mex=0x1000 src=start.StartPanel xy=635,335 scr=635,388
1789655896632 DRAGGED btn=3 mex=0x1000 src=start.StartPanel xy=640,340 scr=640,393
1789655896715 DRAGGED btn=3 mex=0x1000 src=start.StartPanel xy=645,345 scr=645,398
1789655896802 DRAGGED btn=3 mex=0x1000 src=start.StartPanel xy=650,350 scr=650,403
1789655896883 DRAGGED btn=3 mex=0x1000 src=start.StartPanel xy=655,355 scr=655,408
1789655896969 DRAGGED btn=3 mex=0x1000 src=start.StartPanel xy=660,360 scr=660,413
1789655897049 RELEASED btn=3 mex=0x100 src=start.StartPanel xy=660,360 scr=660,413
1789655897131 MOVED btn=0 mex=0x0 src=start.StartPanel xy=663,363 scr=663,416
1789655897137 MOVED btn=0 mex=0x0 src=start.StartPanel xy=663,363 scr=663,416
1789655897212 EXITED btn=0 mex=0x0 src=start.StartPanel xy=1254,250 scr=1254,303
1789655897214 ENTERED btn=0 mex=0x0 src=javax.swing.JFrame xy=150,150 scr=1254,303
1789655897215 MOVED btn=0 mex=0x0 src=javax.swing.JFrame xy=150,150 scr=1254,303
1789655897219 MOVED btn=0 mex=0x0 src=javax.swing.JFrame xy=150,150 scr=1254,303
