GEOMETRY 0,53 1024x640
SAMEAPP 1104,153 300x300
SAMEAPPCLASS javax.swing.JFrame
1789655840257 ENTERED btn=0 mex=0x0 src=start.StartPanel xy=600,300 scr=600,353
1789655840327 PRESSED btn=1 mex=0x400 src=start.StartPanel xy=600,300 scr=600,353
1789655840413 RELEASED btn=1 mex=0x0 src=start.StartPanel xy=600,300 scr=600,353
1789655840413 CLICKED btn=1 mex=0x0 src=start.StartPanel xy=600,300 scr=600,353
1789655840488 MOVED btn=0 mex=0x0 src=start.StartPanel xy=603,303 scr=603,356
1789655840489 MOVED btn=0 mex=0x0 src=start.StartPanel xy=603,303 scr=603,356
1789655840567 EXITED btn=0 mex=0x0 src=start.StartPanel xy=1254,250 scr=1254,303
1789655840567 ENTERED btn=0 mex=0x0 src=javax.swing.JFrame xy=150,150 scr=1254,303
1789655840569 MOVED btn=0 mex=0x0 src=javax.swing.JFrame xy=150,150 scr=1254,303
1789655840571 MOVED btn=0 mex=0x0 src=javax.swing.JFrame xy=150,150 scr=1254,303
1789655841359 PRESSED btn=1 mex=0x400 src=javax.swing.JFrame xy=150,150 scr=1254,303
1789655841438 DRAGGED btn=1 mex=0x400 src=javax.swing.JFrame xy=95,155 scr=1199,307
1789655841521 DRAGGED btn=1 mex=0x400 src=javax.swing.JFrame xy=41,159 scr=1145,311
1789655841604 EXITED btn=1 mex=0x400 src=javax.swing.JFrame xy=-13,163 scr=1090,315
1789655841604 DRAGGED btn=1 mex=0x400 src=javax.swing.JFrame xy=-13,163 scr=1090,315
1789655841686 DRAGGED btn=1 mex=0x400 src=javax.swing.JFrame xy=-68,167 scr=1036,319
1789655841765 ENTERED btn=0 mex=0x400 src=start.StartPanel xy=981,271 scr=981,323
1789655841769 DRAGGED btn=1 mex=0x400 src=javax.swing.JFrame xy=-122,171 scr=981,323
1789655841850 DRAGGED btn=1 mex=0x400 src=javax.swing.JFrame xy=-177,175 scr=927,328
1789655841933 DRAGGED btn=1 mex=0x400 src=javax.swing.JFrame xy=-231,180 scr=872,332
1789655842015 DRAGGED btn=1 mex=0x400 src=javax.swing.JFrame xy=-286,184 scr=818,336
1789655842099 DRAGGED btn=1 mex=0x400 src=javax.swing.JFrame xy=-340,188 scr=763,340
1789655842182 DRAGGED btn=1 mex=0x400 src=javax.swing.JFrame xy=-395,192 scr=709,344
1789655842267 DRAGGED btn=1 mex=0x400 src=javax.swing.JFrame xy=-449,196 scr=654,348
1789655842344 DRAGGED btn=1 mex=0x400 src=javax.swing.JFrame xy=-504,200 scr=600,353
1789655842428 PRESSED btn=3 mex=0x1400 src=main.GameLauncher xy=600,328 scr=600,353
1789655842509 RELEASED btn=3 mex=0x400 src=main.GameLauncher xy=600,328 scr=600,353
1789655842509 CLICKED btn=3 mex=0x400 src=main.GameLauncher xy=600,328 scr=600,353
1789655842592 RELEASED btn=1 mex=0x0 src=javax.swing.JFrame xy=-504,200 scr=600,353
1789655842673 MOVED btn=0 mex=0x0 src=start.StartPanel xy=603,303 scr=603,356
1789655842674 MOVED btn=0 mex=0x0 src=start.StartPanel xy=603,303 scr=603,356
1789655842753 MOVED btn=0 mex=0x0 src=start.StartPanel xy=606,306 scr=606,359
1789655842755 MOVED btn=0 mex=0x0 src=start.StartPanel xy=606,306 scr=606,359
1789655842830 EXITED btn=0 mex=0x0 src=start.StartPanel xy=1254,250 scr=1254,303
1789655842833 ENTERED btn=0 mex=0x0 src=javax.swing.JFrame xy=150,150 scr=1254,303
1789655842833 MOVED btn=0 mex=0x0 src=javax.swing.JFrame xy=150,150 scr=1254,303
1789655842836 MOVED btn=0 mex=0x0 src=javax.swing.JFrame xy=150,150 scr=1254,303
1789655843623 PRESSED btn=1 mex=0x400 src=javax.swing.JFrame xy=150,150 scr=1254,303
1789655843704 DRAGGED btn=1 mex=0x400 src=javax.swing.JFrame xy=95,155 scr=1199,307
1789655843785 DRAGGED btn=1 mex=0x400 src=javax.swing.JFrame xy=41,159 scr=1145,311
1789655843869 EXITED btn=1 mex=0x400 src=javax.swing.JFrame xy=-13,163 scr=1090,315
1789655843869 DRAGGED btn=1 mex=0x400 src=javax.swing.JFrame xy=-13,163 scr=1090,315
1789655843949 DRAGGED btn=1 mex=0x400 src=javax.swing.JFrame xy=-68,167 scr=1036,319
1789655844027 ENTERED btn=0 mex=0x400 src=start.StartPanel xy=981,271 scr=981,323
1789655844033 DRAGGED btn=1 mex=0x400 src=javax.swing.JFrame xy=-122,171 scr=981,323
1789655844114 DRAGGED btn=1 mex=0x400 src=javax.swing.JFrame xy=-177,175 scr=927,328
1789655844197 DRAGGED btn=1 mex=0x400 src=javax.swing.JFrame xy=-231,180 scr=872,332
1789655844277 DRAGGED btn=1 mex=0x400 src=javax.swing.JFrame xy=-286,184 scr=818,336
1789655844359 DRAGGED btn=1 mex=0x400 src=javax.swing.JFrame xy=-340,188 scr=763,340
1789655844443 DRAGGED btn=1 mex=0x400 src=javax.swing.JFrame xy=-395,192 scr=709,344
1789655844527 DRAGGED btn=1 mex=0x400 src=javax.swing.JFrame xy=-449,196 scr=654,348
1789655844611 DRAGGED btn=1 mex=0x400 src=javax.swing.JFrame xy=-504,200 scr=600,353
1789655844692 PRESSED btn=3 mex=0x1400 src=main.GameLauncher xy=600,328 scr=600,353
1789655844777 RELEASED btn=1 mex=0x1000 src=javax.swing.JFrame xy=-504,200 scr=600,353
1789655844858 RELEASED btn=3 mex=0x0 src=main.GameLauncher xy=600,328 scr=600,353
1789655844858 CLICKED btn=3 mex=0x0 src=main.GameLauncher xy=600,328 scr=600,353
1789655844940 MOVED btn=0 mex=0x0 src=start.StartPanel xy=603,303 scr=603,356
1789655844942 MOVED btn=0 mex=0x0 src=start.StartPanel xy=603,303 scr=603,356
1789655845021 MOVED btn=0 mex=0x0 src=start.StartPanel xy=606,306 scr=606,359
1789655845023 MOVED btn=0 mex=0x0 src=start.StartPanel xy=606,306 scr=606,359
1789655845101 EXITED btn=0 mex=0x0 src=start.StartPanel xy=1254,250 scr=1254,303
1789655845104 ENTERED btn=0 mex=0x0 src=javax.swing.JFrame xy=150,150 scr=1254,303
1789655845104 MOVED btn=0 mex=0x0 src=javax.swing.JFrame xy=150,150 scr=1254,303
1789655845107 MOVED btn=0 mex=0x0 src=javax.swing.JFrame xy=150,150 scr=1254,303
1789655845899 PRESSED btn=1 mex=0x400 src=javax.swing.JFrame xy=150,150 scr=1254,303
1789655845978 DRAGGED btn=1 mex=0x400 src=javax.swing.JFrame xy=95,155 scr=1199,307
1789655846061 DRAGGED btn=1 mex=0x400 src=javax.swing.JFrame xy=41,159 scr=1145,311
1789655846144 EXITED btn=1 mex=0x400 src=javax.swing.JFrame xy=-13,163 scr=1090,315
1789655846144 DRAGGED btn=1 mex=0x400 src=javax.swing.JFrame xy=-13,163 scr=1090,315
1789655846229 DRAGGED btn=1 mex=0x400 src=javax.swing.JFrame xy=-68,167 scr=1036,319
1789655846306 ENTERED btn=0 mex=0x400 src=start.StartPanel xy=981,271 scr=981,323
1789655846309 DRAGGED btn=1 mex=0x400 src=javax.swing.JFrame xy=-122,171 scr=981,323
1789655846393 DRAGGED btn=1 mex=0x400 src=javax.swing.JFrame xy=-177,175 scr=927,328
1789655846477 DRAGGED btn=1 mex=0x400 src=javax.swing.JFrame xy=-231,180 scr=872,332
1789655846561 DRAGGED btn=1 mex=0x400 src=javax.swing.JFrame xy=-286,184 scr=818,336
1789655846642 DRAGGED btn=1 mex=0x400 src=javax.swing.JFrame xy=-340,188 scr=763,340
1789655846724 DRAGGED btn=1 mex=0x400 src=javax.swing.JFrame xy=-395,192 scr=709,344
1789655846809 DRAGGED btn=1 mex=0x400 src=javax.swing.JFrame xy=-449,196 scr=654,348
1789655846889 DRAGGED btn=1 mex=0x400 src=javax.swing.JFrame xy=-504,200 scr=600,353
1789655846976 RELEASED btn=1 mex=0x0 src=javax.swing.JFrame xy=-504,200 scr=600,353
1789655847056 MOVED btn=0 mex=0x0 src=start.StartPanel xy=603,303 scr=603,356
1789655847058 MOVED btn=0 mex=0x0 src=start.StartPanel xy=603,303 scr=603,356
1789655847139 MOVED btn=0 mex=0x0 src=start.StartPanel xy=606,306 scr=606,359
1789655847141 MOVED btn=0 mex=0x0 src=start.StartPanel xy=606,306 scr=606,359
1789655847221 EXITED btn=0 mex=0x0 src=start.StartPanel xy=1254,250 scr=1254,303
1789655847225 ENTERED btn=0 mex=0x0 src=javax.swing.JFrame xy=150,150 scr=1254,303
1789655847225 MOVED btn=0 mex=0x0 src=javax.swing.JFrame xy=150,150 scr=1254,303
1789655847226 MOVED btn=0 mex=0x0 src=javax.swing.JFrame xy=150,150 scr=1254,303
1789655848010 EXITED btn=0 mex=0x0 src=javax.swing.JFrame xy=-504,200 scr=600,353
1789655848010 ENTERED btn=0 mex=0x0 src=start.StartPanel xy=600,300 scr=600,353
1789655848013 MOVED btn=0 mex=0x0 src=start.StartPanel xy=600,300 scr=600,353
1789655848016 MOVED btn=0 mex=0x0 src=start.StartPanel xy=600,300 scr=600,353
1789655848098 PRESSED btn=1 mex=0x400 src=start.StartPanel xy=600,300 scr=600,353
1789655848432 DRAGGED btn=1 mex=0x400 src=start.StartPanel xy=654,296 scr=654,348
1789655848517 DRAGGED btn=1 mex=0x400 src=start.StartPanel xy=709,292 scr=709,344
1789655848601 DRAGGED btn=1 mex=0x400 src=start.StartPanel xy=763,288 scr=763,340
1789655848687 DRAGGED btn=1 mex=0x400 src=start.StartPanel xy=818,284 scr=818,336
1789655848767 DRAGGED btn=1 mex=0x400 src=start.StartPanel xy=872,280 scr=872,332
1789655848852 DRAGGED btn=1 mex=0x400 src=start.StartPanel xy=927,275 scr=927,328
1789655848936 DRAGGED btn=1 mex=0x400 src=start.StartPanel xy=981,271 scr=981,323
1789655849017 EXITED btn=1 mex=0x400 src=start.StartPanel xy=1036,267 scr=1036,319
1789655849017 DRAGGED btn=1 mex=0x400 src=start.StartPanel xy=1036,267 scr=1036,319
1789655849105 DRAGGED btn=1 mex=0x400 src=start.StartPanel xy=1090,263 scr=1090,315
1789655849183 ENTERED btn=0 mex=0x400 src=javax.swing.JFrame xy=41,159 scr=1145,311
1789655849186 DRAGGED btn=1 mex=0x400 src=start.StartPanel xy=1145,259 scr=1145,311
1789655849270 DRAGGED btn=1 mex=0x400 src=start.StartPanel xy=1199,255 scr=1199,307
1789655849354 DRAGGED btn=1 mex=0x400 src=start.StartPanel xy=1254,250 scr=1254,303
1789655849689 PRESSED btn=3 mex=0x1400 src=javax.swing.JFrame xy=150,150 scr=1254,303
1789655849772 RELEASED btn=1 mex=0x1000 src=start.StartPanel xy=1254,250 scr=1254,303
1789655850108 DRAGGED btn=3 mex=0x1000 src=javax.swing.JFrame xy=95,155 scr=1199,307
1789655850187 DRAGGED btn=3 mex=0x1000 src=javax.swing.JFrame xy=41,159 scr=1145,311
1789655850270 EXITED btn=3 mex=0x1000 src=javax.swing.JFrame xy=-13,163 scr=1090,315
1789655850270 DRAGGED btn=3 mex=0x1000 src=javax.swing.JFrame xy=-13,163 scr=1090,315
1789655850353 DRAGGED btn=3 mex=0x1000 src=javax.swing.JFrame xy=-68,167 scr=1036,319
1789655850437 DRAGGED btn=3 mex=0x1000 src=javax.swing.JFrame xy=-122,171 scr=981,323
1789655850438 ENTERED btn=3 mex=0x1000 src=start.StartPanel xy=982,271 scr=981,323
1789655850520 DRAGGED btn=3 mex=0x1000 src=javax.swing.JFrame xy=-177,175 scr=927,328
1789655850605 DRAGGED btn=3 mex=0x1000 src=javax.swing.JFrame xy=-231,180 scr=872,332
1789655850689 DRAGGED btn=3 mex=0x1000 src=javax.swing.JFrame xy=-286,184 scr=818,336
1789655850770 DRAGGED btn=3 mex=0x1000 src=javax.swing.JFrame xy=-340,188 scr=763,340
1789655850854 DRAGGED btn=3 mex=0x1000 src=javax.swing.JFrame xy=-395,192 scr=709,344
1789655850938 DRAGGED btn=3 mex=0x1000 src=javax.swing.JFrame xy=-449,196 scr=654,348
1789655851022 DRAGGED btn=3 mex=0x1000 src=javax.swing.JFrame xy=-504,200 scr=600,353
1789655851359 RELEASED btn=3 mex=0x0 src=javax.swing.JFrame xy=-504,200 scr=600,353
1789655851444 MOVED btn=0 mex=0x0 src=start.StartPanel xy=603,303 scr=603,356
1789655851446 MOVED btn=0 mex=0x0 src=start.StartPanel xy=603,303 scr=603,356
1789655851524 MOVED btn=0 mex=0x0 src=start.StartPanel xy=606,306 scr=606,359
1789655851526 MOVED btn=0 mex=0x0 src=start.StartPanel xy=606,306 scr=606,359
1789655851606 EXITED btn=0 mex=0x0 src=start.StartPanel xy=1254,250 scr=1254,303
1789655851609 ENTERED btn=0 mex=0x0 src=javax.swing.JFrame xy=150,150 scr=1254,303
1789655851609 MOVED btn=0 mex=0x0 src=javax.swing.JFrame xy=150,150 scr=1254,303
1789655851610 MOVED btn=0 mex=0x0 src=javax.swing.JFrame xy=150,150 scr=1254,303
1789655852392 EXITED btn=0 mex=0x0 src=javax.swing.JFrame xy=-504,200 scr=600,353
1789655852392 ENTERED btn=0 mex=0x0 src=start.StartPanel xy=600,300 scr=600,353
1789655852399 MOVED btn=0 mex=0x0 src=start.StartPanel xy=600,300 scr=600,353
1789655852477 PRESSED btn=3 mex=0x1000 src=start.StartPanel xy=600,300 scr=600,353
1789655852558 DRAGGED btn=3 mex=0x1000 src=start.StartPanel xy=605,305 scr=605,358
1789655852643 DRAGGED btn=3 mex=0x1000 src=start.StartPanel xy=610,310 scr=610,363
1789655852726 DRAGGED btn=3 mex=0x1000 src=start.StartPanel xy=615,315 scr=615,368
1789655852811 DRAGGED btn=3 mex=0x1000 src=start.StartPanel xy=620,320 scr=620,373
1789655852893 DRAGGED btn=3 mex=0x1000 src=start.StartPanel xy=625,325 scr=625,378
1789655852977 DRAGGED btn=3 mex=0x1000 src=start.StartPanel xy=630,330 scr=630,383
1789655853062 DRAGGED btn=3 mex=0x1000 src=start.StartPanel xy=635,335 scr=635,388
1789655853144 DRAGGED btn=3 mex=0x1000 src=start.StartPanel xy=640,340 scr=640,393
1789655853227 DRAGGED btn=3 mex=0x1000 src=start.StartPanel xy=645,345 scr=645,398
1789655853311 DRAGGED btn=3 mex=0x1000 src=start.StartPanel xy=650,350 scr=650,403
1789655853394 DRAGGED btn=3 mex=0x1000 src=start.StartPanel xy=655,355 scr=655,408
1789655853477 DRAGGED btn=3 mex=0x1000 src=start.StartPanel xy=660,360 scr=660,413
1789655853562 RELEASED btn=3 mex=0x100 src=start.StartPanel xy=660,360 scr=660,413
1789655853644 MOVED btn=0 mex=0x0 src=start.StartPanel xy=663,363 scr=663,416
1789655853646 MOVED btn=0 mex=0x0 src=start.StartPanel xy=663,363 scr=663,416
1789655853728 EXITED btn=0 mex=0x0 src=start.StartPanel xy=1254,250 scr=1254,303
1789655853728 ENTERED btn=0 mex=0x0 src=javax.swing.JFrame xy=150,150 scr=1254,303
1789655853730 MOVED btn=0 mex=0x0 src=javax.swing.JFrame xy=150,150 scr=1254,303
1789655853732 MOVED btn=0 mex=0x0 src=javax.swing.JFrame xy=150,150 scr=1254,303
