1789616564576 ENTERED btn=0 mex=0x0 src=start.StartPanel xy=333,587 scr=333,639
GEOMETRY 0,53 1024x640
1789616571037 MOVED btn=0 mex=0x0 src=start.StartPanel xy=600,300 scr=600,353
1789616571045 MOVED btn=0 mex=0x0 src=start.StartPanel xy=600,300 scr=600,353
1789616571134 PRESSED btn=1 mex=0x400 src=start.StartPanel xy=600,300 scr=600,353
1789616571184 RELEASED btn=1 mex=0x0 src=start.StartPanel xy=600,300 scr=600,353
1789616571184 CLICKED btn=1 mex=0x0 src=start.StartPanel xy=600,300 scr=600,353
1789616571266 MOVED btn=0 mex=0x0 src=start.StartPanel xy=603,303 scr=603,356
1789616571268 MOVED btn=0 mex=0x0 src=start.StartPanel xy=603,303 scr=603,356
1789616571346 EXITED btn=0 mex=0x0 src=start.StartPanel xy=1254,250 scr=1254,303
1789616572557 ENTERED btn=0 mex=0x400 src=start.StartPanel xy=981,271 scr=981,323
1789616573214 PRESSED btn=3 mex=0x1400 src=main.GameLauncher xy=600,328 scr=600,353
1789616573296 RELEASED btn=3 mex=0x400 src=main.GameLauncher xy=600,328 scr=600,353
1789616573296 CLICKED btn=3 mex=0x400 src=main.GameLauncher xy=600,328 scr=600,353
1789616573463 MOVED btn=0 mex=0x0 src=start.StartPanel xy=603,303 scr=603,356
1789616573465 MOVED btn=0 mex=0x0 src=start.StartPanel xy=603,303 scr=603,356
1789616573548 MOVED btn=0 mex=0x0 src=start.StartPanel xy=606,306 scr=606,359
1789616573550 MOVED btn=0 mex=0x0 src=start.StartPanel xy=606,306 scr=606,359
1789616573630 EXITED btn=0 mex=0x0 src=start.StartPanel xy=1254,250 scr=1254,303
1789616574837 ENTERED btn=0 mex=0x400 src=start.StartPanel xy=981,271 scr=981,323
1789616575514 PRESSED btn=3 mex=0x1400 src=main.GameLauncher xy=600,328 scr=600,353
1789616575682 RELEASED btn=3 mex=0x0 src=main.GameLauncher xy=600,328 scr=600,353
1789616575682 CLICKED btn=3 mex=0x0 src=main.GameLauncher xy=600,328 scr=600,353
1789616575764 MOVED btn=0 mex=0x0 src=start.StartPanel xy=603,303 scr=603,356
1789616575766 MOVED btn=0 mex=0x0 src=start.StartPanel xy=603,303 scr=603,356
1789616575847 MOVED btn=0 mex=0x0 src=start.StartPanel xy=606,306 scr=606,359
1789616575850 MOVED btn=0 mex=0x0 src=start.StartPanel xy=606,306 scr=606,359
1789616575922 EXITED btn=0 mex=0x0 src=start.StartPanel xy=1254,250 scr=1254,303
1789616577132 ENTERED btn=0 mex=0x400 src=start.StartPanel xy=981,271 scr=981,323
1789616577874 MOVED btn=0 mex=0x0 src=start.StartPanel xy=603,303 scr=603,356
1789616577882 MOVED btn=0 mex=0x0 src=start.StartPanel xy=603,303 scr=603,356
1789616577963 MOVED btn=0 mex=0x0 src=start.StartPanel xy=606,306 scr=606,359
1789616577965 MOVED btn=0 mex=0x0 src=start.StartPanel xy=606,306 scr=606,359
1789616578045 EXITED btn=0 mex=0x0 src=start.StartPanel xy=1254,250 scr=1254,303
1789616578830 ENTERED btn=0 mex=0x0 src=start.StartPanel xy=600,300 scr=600,353
1789616578917 PRESSED btn=1 mex=0x400 src=start.StartPanel xy=600,300 scr=600,353
1789616579253 DRAGGED btn=1 mex=0x400 src=start.StartPanel xy=654,296 scr=654,348
1789616579335 DRAGGED btn=1 mex=0x400 src=start.StartPanel xy=709,292 scr=709,344
1789616579418 DRAGGED btn=1 mex=0x400 src=start.StartPanel xy=763,288 scr=763,340
1789616579498 DRAGGED btn=1 mex=0x400 src=start.StartPanel xy=818,284 scr=818,336
1789616579585 DRAGGED btn=1 mex=0x400 src=start.StartPanel xy=872,280 scr=872,332
1789616579666 DRAGGED btn=1 mex=0x400 src=start.StartPanel xy=927,275 scr=927,328
1789616579748 DRAGGED btn=1 mex=0x400 src=start.StartPanel xy=981,271 scr=981,323
1789616579834 EXITED btn=1 mex=0x400 src=start.StartPanel xy=1036,267 scr=1036,319
1789616579834 DRAGGED btn=1 mex=0x400 src=start.StartPanel xy=1036,267 scr=1036,319
1789616579919 DRAGGED btn=1 mex=0x400 src=start.StartPanel xy=1090,263 scr=1090,315
1789616579998 DRAGGED btn=1 mex=0x400 src=start.StartPanel xy=1145,259 scr=1145,311
1789616580082 DRAGGED btn=1 mex=0x400 src=start.StartPanel xy=1199,255 scr=1199,307
1789616580166 DRAGGED btn=1 mex=0x400 src=start.StartPanel xy=1254,250 scr=1254,303
1789616580603 RELEASED btn=1 mex=0x1000 src=start.StartPanel xy=1254,250 scr=1254,303
1789616582250 ENTERED btn=0 mex=0x0 src=start.StartPanel xy=603,303 scr=603,356
1789616582251 MOVED btn=0 mex=0x0 src=start.StartPanel xy=603,303 scr=603,356
1789616582252 MOVED btn=0 mex=0x0 src=start.StartPanel xy=603,303 scr=603,356
1789616582333 MOVED btn=0 mex=0x0 src=start.StartPanel xy=606,306 scr=606,359
1789616582335 MOVED btn=0 mex=0x0 src=start.StartPanel xy=606,306 scr=606,359
1789616582414 EXITED btn=0 mex=0x0 src=start.StartPanel xy=1254,250 scr=1254,303
1789616583198 ENTERED btn=0 mex=0x0 src=start.StartPanel xy=600,300 scr=600,353
1789616583202 MOVED btn=0 mex=0x0 src=start.StartPanel xy=600,300 scr=600,353
1789616583202 MOVED btn=0 mex=0x0 src=start.StartPanel xy=600,300 scr=600,353
1789616583285 PRESSED btn=3 mex=0x1000 src=start.StartPanel xy=600,300 scr=600,353
1789616583365 DRAGGED btn=3 mex=0x1000 src=start.StartPanel xy=605,305 scr=605,358
1789616583456 DRAGGED btn=3 mex=0x1000 src=start.StartPanel xy=610,310 scr=610,363
1789616583535 DRAGGED btn=3 mex=0x1000 src=start.StartPanel xy=615,315 scr=615,368
1789616583615 DRAGGED btn=3 mex=0x1000 src=start.StartPanel xy=620,320 scr=620,373
1789616583697 DRAGGED btn=3 mex=0x1000 src=start.StartPanel xy=625,325 scr=625,378
1789616583782 DRAGGED btn=3 mex=0x1000 src=start.StartPanel xy=630,330 scr=630,383
1789616583859 DRAGGED btn=3 mex=0x1000 src=start.StartPanel xy=635,335 scr=635,388
1789616583941 DRAGGED btn=3 mex=0x1000 src=start.StartPanel xy=640,340 scr=640,393
1789616584025 DRAGGED btn=3 mex=0x1000 src=start.StartPanel xy=645,345 scr=645,398
1789616584108 DRAGGED btn=3 mex=0x1000 src=start.StartPanel xy=650,350 scr=650,403
1789616584193 DRAGGED btn=3 mex=0x1000 src=start.StartPanel xy=655,355 scr=655,408
1789616584276 DRAGGED btn=3 mex=0x1000 src=start.StartPanel xy=660,360 scr=660,413
1789616584357 RELEASED btn=3 mex=0x100 src=start.StartPanel xy=660,360 scr=660,413
1789616584449 MOVED btn=0 mex=0x0 src=start.StartPanel xy=663,363 scr=663,416
1789616584527 EXITED btn=0 mex=0x0 src=start.StartPanel xy=1254,250 scr=1254,303
