GEOMETRY 0,53 1024x640
1789616594820 ENTERED btn=0 mex=0x0 src=start.StartPanel xy=600,300 scr=600,353
1789616594954 PRESSED btn=1 mex=0x400 src=start.StartPanel xy=600,300 scr=600,353
1789616594980 RELEASED btn=1 mex=0x0 src=start.StartPanel xy=600,300 scr=600,353
1789616594991 CLICKED btn=1 mex=0x0 src=start.StartPanel xy=600,300 scr=600,353
1789616595052 MOVED btn=0 mex=0x0 src=start.StartPanel xy=603,303 scr=603,356
1789616595056 MOVED btn=0 mex=0x0 src=start.StartPanel xy=603,303 scr=603,356
1789616595136 EXITED btn=0 mex=0x0 src=start.StartPanel xy=1254,250 scr=1254,303
1789616596341 ENTERED btn=0 mex=0x400 src=start.StartPanel xy=981,271 scr=981,323
1789616597004 PRESSED btn=3 mex=0x1400 src=main.GameLauncher xy=600,328 scr=600,353
1789616597088 RELEASED btn=3 mex=0x400 src=main.GameLauncher xy=600,328 scr=600,353
1789616597088 CLICKED btn=3 mex=0x400 src=main.GameLauncher xy=600,328 scr=600,353
1789616597257 MOVED btn=0 mex=0x0 src=start.StartPanel xy=603,303 scr=603,356
1789616597338 MOVED btn=0 mex=0x0 src=start.StartPanel xy=606,306 scr=606,359
1789616597340 MOVED btn=0 mex=0x0 src=start.StartPanel xy=606,306 scr=606,359
1789616597420 EXITED btn=0 mex=0x0 src=start.StartPanel xy=1254,250 scr=1254,303
1789616598624 ENTERED btn=0 mex=0x400 src=start.StartPanel xy=981,271 scr=981,323
1789616599293 PRESSED btn=3 mex=0x1400 src=main.GameLauncher xy=600,328 scr=600,353
1789616599461 RELEASED btn=3 mex=0x0 src=main.GameLauncher xy=600,328 scr=600,353
1789616599461 CLICKED btn=3 mex=0x0 src=main.GameLauncher xy=600,328 scr=600,353
1789616599545 MOVED btn=0 mex=0x0 src=start.StartPanel xy=603,303 scr=603,356
1789616599547 MOVED btn=0 mex=0x0 src=start.StartPanel xy=603,303 scr=603,356
1789616599629 MOVED btn=0 mex=0x0 src=start.StartPanel xy=606,306 scr=606,359
1789616599630 MOVED btn=0 mex=0x0 src=start.StartPanel xy=606,306 scr=606,359
1789616599710 EXITED btn=0 mex=0x0 src=start.StartPanel xy=1254,250 scr=1254,303
1789616600910 ENTERED btn=0 mex=0x400 src=start.StartPanel xy=981,271 scr=981,323
1789616601657 MOVED btn=0 mex=0x0 src=start.StartPanel xy=603,303 scr=603,356
1789616601661 MOVED btn=0 mex=0x0 src=start.StartPanel xy=603,303 scr=603,356
1789616601740 MOVED btn=0 mex=0x0 src=start.StartPanel xy=606,306 scr=606,359
1789616601742 MOVED btn=0 mex=0x0 src=start.StartPanel xy=606,306 scr=606,359
1789616601820 EXITED btn=0 mex=0x0 src=start.StartPanel xy=1254,250 scr=1254,303
1789616602604 ENTERED btn=0 mex=0x0 src=start.StartPanel xy=600,300 scr=600,353
1789616602692 PRESSED btn=1 mex=0x400 src=start.StartPanel xy=600,300 scr=600,353
1789616603027 DRAGGED btn=1 mex=0x400 src=start.StartPanel xy=654,296 scr=654,348
1789616603111 DRAGGED btn=1 mex=0x400 src=start.StartPanel xy=709,292 scr=709,344
1789616603196 DRAGGED btn=1 mex=0x400 src=start.StartPanel xy=763,288 scr=763,340
1789616603278 DRAGGED btn=1 mex=0x400 src=start.StartPanel xy=818,284 scr=818,336
1789616603360 DRAGGED btn=1 mex=0x400 src=start.StartPanel xy=872,280 scr=872,332
1789616603445 DRAGGED btn=1 mex=0x400 src=start.StartPanel xy=927,275 scr=927,328
1789616603527 DRAGGED btn=1 mex=0x400 src=start.StartPanel xy=981,271 scr=981,323
1789616603610 EXITED btn=1 mex=0x400 src=start.StartPanel xy=1036,267 scr=1036,319
1789616603610 DRAGGED btn=1 mex=0x400 src=start.StartPanel xy=1036,267 scr=1036,319
1789616603695 DRAGGED btn=1 mex=0x400 src=start.StartPanel xy=1090,263 scr=1090,315
1789616603780 DRAGGED btn=1 mex=0x400 src=start.StartPanel xy=1145,259 scr=1145,311
1789616603864 DRAGGED btn=1 mex=0x400 src=start.StartPanel xy=1199,255 scr=1199,307
1789616603954 DRAGGED btn=1 mex=0x400 src=start.StartPanel xy=1254,250 scr=1254,303
1789616604377 RELEASED btn=1 mex=0x1000 src=start.StartPanel xy=1254,250 scr=1254,303
1789616606039 ENTERED btn=0 mex=0x0 src=start.StartPanel xy=603,303 scr=603,356
1789616606041 MOVED btn=0 mex=0x0 src=start.StartPanel xy=603,303 scr=603,356
1789616606041 MOVED btn=0 mex=0x0 src=start.StartPanel xy=603,303 scr=603,356
1789616606125 MOVED btn=0 mex=0x0 src=start.StartPanel xy=606,306 scr=606,359
1789616606126 MOVED btn=0 mex=0x0 src=start.StartPanel xy=606,306 scr=606,359
1789616606199 EXITED btn=0 mex=0x0 src=start.StartPanel xy=1254,250 scr=1254,303
1789616606989 ENTERED btn=0 mex=0x0 src=start.StartPanel xy=600,300 scr=600,353
1789616606991 MOVED btn=0 mex=0x0 src=start.StartPanel xy=600,300 scr=600,353
1789616606994 MOVED btn=0 mex=0x0 src=start.StartPanel xy=600,300 scr=600,353
1789616607074 PRESSED btn=3 mex=0x1000 src=start.StartPanel xy=600,300 scr=600,353
1789616607158 DRAGGED btn=3 mex=0x1000 src=start.StartPanel xy=605,305 scr=605,358
1789616607241 DRAGGED btn=3 mex=0x1000 src=start.StartPanel xy=610,310 scr=610,363
1789616607324 DRAGGED btn=3 mex=0x1000 src=start.StartPanel xy=615,315 scr=615,368
1789616607409 DRAGGED btn=3 mex=0x1000 src=start.StartPanel xy=620,320 scr=620,373
1789616607491 DRAGGED btn=3 mex=0x1000 src=start.StartPanel xy=625,325 scr=625,378
1789616607573 DRAGGED btn=3 mex=0x1000 src=start.StartPanel xy=630,330 scr=630,383
1789616607658 DRAGGED btn=3 mex=0x1000 src=start.StartPanel xy=635,335 scr=635,388
1789616607743 DRAGGED btn=3 mex=0x1000 src=start.StartPanel xy=640,340 scr=640,393
1789616607834 DRAGGED btn=3 mex=0x1000 src=start.StartPanel xy=645,345 scr=645,398
1789616607913 DRAGGED btn=3 mex=0x1000 src=start.StartPanel xy=650,350 scr=650,403
1789616607996 DRAGGED btn=3 mex=0x1000 src=start.StartPanel xy=655,355 scr=655,408
1789616608079 DRAGGED btn=3 mex=0x1000 src=start.StartPanel xy=660,360 scr=660,413
1789616608161 RELEASED btn=3 mex=0x100 src=start.StartPanel xy=660,360 scr=660,413
1789616608246 MOVED btn=0 mex=0x0 src=start.StartPanel xy=663,363 scr=663,416
1789616608248 MOVED btn=0 mex=0x0 src=start.StartPanel xy=663,363 scr=663,416
1789616608325 EXITED btn=0 mex=0x0 src=start.StartPanel xy=1254,250 scr=1254,303
