GEOMETRY 0,53 1024x640
1789613120844 ENTERED btn=0 mex=0x0 src=start.StartPanel xy=600,300 scr=600,353
1789613120903 PRESSED btn=1 mex=0x400 src=start.StartPanel xy=600,300 scr=600,353
1789613120991 RELEASED btn=1 mex=0x0 src=start.StartPanel xy=600,300 scr=600,353
1789613120992 CLICKED btn=1 mex=0x0 src=start.StartPanel xy=600,300 scr=600,353
1789613121064 MOVED btn=0 mex=0x0 src=start.StartPanel xy=603,303 scr=603,356
1789613121066 MOVED btn=0 mex=0x0 src=start.StartPanel xy=603,303 scr=603,356
1789613121147 EXITED btn=0 mex=0x0 src=start.StartPanel xy=1254,250 scr=1254,303
1789613122350 ENTERED btn=0 mex=0x400 src=start.StartPanel xy=981,271 scr=981,323
1789613123022 PRESSED btn=3 mex=0x1400 src=main.GameLauncher xy=600,328 scr=600,353
1789613123103 RELEASED btn=3 mex=0x400 src=main.GameLauncher xy=600,328 scr=600,353
1789613123103 CLICKED btn=3 mex=0x400 src=main.GameLauncher xy=600,328 scr=600,353
1789613123273 MOVED btn=0 mex=0x0 src=start.StartPanel xy=603,303 scr=603,356
1789613123275 MOVED btn=0 mex=0x0 src=start.StartPanel xy=603,303 scr=603,356
1789613123356 MOVED btn=0 mex=0x0 src=start.StartPanel xy=606,306 scr=606,359
1789613123359 MOVED btn=0 mex=0x0 src=start.StartPanel xy=606,306 scr=606,359
1789613123451 EXITED btn=0 mex=0x0 src=start.StartPanel xy=3086,276 scr=1254,303
1789613124641 ENTERED btn=0 mex=0x400 src=start.StartPanel xy=981,271 scr=981,323
1789613125307 PRESSED btn=3 mex=0x1400 src=main.GameLauncher xy=600,328 scr=600,353
1789613125478 RELEASED btn=3 mex=0x0 src=main.GameLauncher xy=600,328 scr=600,353
1789613125478 CLICKED btn=3 mex=0x0 src=main.GameLauncher xy=600,328 scr=600,353
1789613125555 MOVED btn=0 mex=0x0 src=start.StartPanel xy=603,303 scr=603,356
1789613125559 MOVED btn=0 mex=0x0 src=start.StartPanel xy=603,303 scr=603,356
1789613125645 MOVED btn=0 mex=0x0 src=start.StartPanel xy=606,306 scr=606,359
1789613125647 MOVED btn=0 mex=0x0 src=start.StartPanel xy=606,306 scr=606,359
1789613125719 EXITED btn=0 mex=0x0 src=start.StartPanel xy=1254,250 scr=1254,303
1789613126923 ENTERED btn=0 mex=0x400 src=start.StartPanel xy=981,271 scr=981,323
1789613127672 MOVED btn=0 mex=0x0 src=start.StartPanel xy=603,303 scr=603,356
1789613127675 MOVED btn=0 mex=0x0 src=start.StartPanel xy=603,303 scr=603,356
1789613127755 MOVED btn=0 mex=0x0 src=start.StartPanel xy=606,306 scr=606,359
1789613127757 MOVED btn=0 mex=0x0 src=start.StartPanel xy=606,306 scr=606,359
1789613127834 EXITED btn=0 mex=0x0 src=start.StartPanel xy=1254,250 scr=1254,303
