GEOMETRY 0,53 1024x640
1789613104614 ENTERED btn=0 mex=0x0 src=start.StartPanel xy=600,300 scr=600,353
1789613104680 PRESSED btn=1 mex=0x400 src=start.StartPanel xy=600,300 scr=600,353
1789613104774 RELEASED btn=1 mex=0x0 src=start.StartPanel xy=600,300 scr=600,353
1789613104775 CLICKED btn=1 mex=0x0 src=start.StartPanel xy=600,300 scr=600,353
1789613104841 MOVED btn=0 mex=0x0 src=start.StartPanel xy=603,303 scr=603,356
1789613104847 MOVED btn=0 mex=0x0 src=start.StartPanel xy=603,303 scr=603,356
1789613104923 EXITED btn=0 mex=0x0 src=start.StartPanel xy=1254,250 scr=1254,303
1789613106130 ENTERED btn=0 mex=0x400 src=start.StartPanel xy=981,271 scr=981,323
1789613106803 PRESSED btn=3 mex=0x1400 src=main.GameLauncher xy=600,328 scr=600,353
1789613106886 RELEASED btn=3 mex=0x400 src=main.GameLauncher xy=600,328 scr=600,353
1789613106887 CLICKED btn=3 mex=0x400 src=main.GameLauncher xy=600,328 scr=600,353
1789613107045 MOVED btn=0 mex=0x0 src=start.StartPanel xy=603,303 scr=603,356
1789613107048 MOVED btn=0 mex=0x0 src=start.StartPanel xy=603,303 scr=603,356
1789613107134 MOVED btn=0 mex=0x0 src=start.StartPanel xy=606,306 scr=606,359
1789613107208 EXITED btn=0 mex=0x0 src=start.StartPanel xy=1254,250 scr=1254,303
1789613108408 ENTERED btn=0 mex=0x400 src=start.StartPanel xy=981,271 scr=981,323
1789613109072 PRESSED btn=3 mex=0x1400 src=main.GameLauncher xy=600,328 scr=600,353
1789613109237 RELEASED btn=3 mex=0x0 src=main.GameLauncher xy=600,328 scr=600,353
1789613109237 CLICKED btn=3 mex=0x0 src=main.GameLauncher xy=600,328 scr=600,353
1789613109315 MOVED btn=0 mex=0x0 src=start.StartPanel xy=603,303 scr=603,356
1789613109319 MOVED btn=0 mex=0x0 src=start.StartPanel xy=603,303 scr=603,356
1789613109403 MOVED btn=0 mex=0x0 src=start.StartPanel xy=606,306 scr=606,359
1789613109482 EXITED btn=0 mex=0x0 src=start.StartPanel xy=1254,250 scr=1254,303
1789613110690 ENTERED btn=0 mex=0x400 src=start.StartPanel xy=981,271 scr=981,323
1789613111440 MOVED btn=0 mex=0x0 src=start.StartPanel xy=603,303 scr=603,356
1789613111442 MOVED btn=0 mex=0x0 src=start.StartPanel xy=603,303 scr=603,356
1789613111526 MOVED btn=0 mex=0x0 src=start.StartPanel xy=606,306 scr=606,359
1789613111528 MOVED btn=0 mex=0x0 src=start.StartPanel xy=606,306 scr=606,359
1789613111613 EXITED btn=0 mex=0x0 src=start.StartPanel xy=1254,250 scr=1254,303
