GEOMETRY 0,53 1024x640
1789613072090 ENTERED btn=0 mex=0x0 src=start.StartPanel xy=600,300 scr=600,353
1789613072156 PRESSED btn=1 mex=0x400 src=start.StartPanel xy=600,300 scr=600,353
1789613072252 RELEASED btn=1 mex=0x0 src=start.StartPanel xy=600,300 scr=600,353
1789613072252 CLICKED btn=1 mex=0x0 src=start.StartPanel xy=600,300 scr=600,353
1789613072317 MOVED btn=0 mex=0x0 src=start.StartPanel xy=603,303 scr=603,356
1789613072319 MOVED btn=0 mex=0x0 src=start.StartPanel xy=603,303 scr=603,356
1789613072396 EXITED btn=0 mex=0x0 src=start.StartPanel xy=1254,250 scr=1254,303
1789613073598 ENTERED btn=0 mex=0x400 src=start.StartPanel xy=981,271 scr=981,323
1789613074267 PRESSED btn=3 mex=0x1400 src=main.GameLauncher xy=600,328 scr=600,353
1789613074350 RELEASED btn=3 mex=0x400 src=main.GameLauncher xy=600,328 scr=600,353
1789613074350 CLICKED btn=3 mex=0x400 src=main.GameLauncher xy=600,328 scr=600,353
1789613074515 MOVED btn=0 mex=0x0 src=start.StartPanel xy=603,303 scr=603,356
1789613074517 MOVED btn=0 mex=0x0 src=start.StartPanel xy=603,303 scr=603,356
1789613074602 MOVED btn=0 mex=0x0 src=start.StartPanel xy=606,306 scr=606,359
1789613074603 MOVED btn=0 mex=0x0 src=start.StartPanel xy=606,306 scr=606,359
1789613074683 EXITED btn=0 mex=0x0 src=start.StartPanel xy=1254,250 scr=1254,303
1789613075893 ENTERED btn=0 mex=0x400 src=start.StartPanel xy=981,271 scr=981,323
1789613076571 PRESSED btn=3 mex=0x1400 src=main.GameLauncher xy=600,328 scr=600,353
1789613076736 RELEASED btn=3 mex=0x0 src=main.GameLauncher xy=600,328 scr=600,353
1789613076736 CLICKED btn=3 mex=0x0 src=main.GameLauncher xy=600,328 scr=600,353
1789613076821 MOVED btn=0 mex=0x0 src=start.StartPanel xy=603,303 scr=603,356
1789613076823 MOVED btn=0 mex=0x0 src=start.StartPanel xy=603,303 scr=603,356
1789613076906 MOVED btn=0 mex=0x0 src=start.StartPanel xy=606,306 scr=606,359
1789613076908 MOVED btn=0 mex=0x0 src=start.StartPanel xy=606,306 scr=606,359
1789613076996 EXITED btn=0 mex=0x0 src=start.StartPanel xy=1254,250 scr=1254,303
1789613078186 ENTERED btn=0 mex=0x400 src=start.StartPanel xy=981,271 scr=981,323
1789613078934 MOVED btn=0 mex=0x0 src=start.StartPanel xy=603,303 scr=603,356
1789613078939 MOVED btn=0 mex=0x0 src=start.StartPanel xy=603,303 scr=603,356
1789613079019 MOVED btn=0 mex=0x0 src=start.StartPanel xy=606,306 scr=606,359
1789613079021 MOVED btn=0 mex=0x0 src=start.StartPanel xy=606,306 scr=606,359
1789613079101 EXITED btn=0 mex=0x0 src=start.StartPanel xy=1254,250 scr=1254,303
