GEOMETRY 0,53 1024x640
1789613087288 ENTERED btn=0 mex=0x0 src=start.StartPanel xy=600,300 scr=600,353
1789613087345 PRESSED btn=1 mex=0x400 src=start.StartPanel xy=600,300 scr=600,353
1789613087429 RELEASED btn=1 mex=0x0 src=start.StartPanel xy=600,300 scr=600,353
1789613087430 CLICKED btn=1 mex=0x0 src=start.StartPanel xy=600,300 scr=600,353
1789613087507 MOVED btn=0 mex=0x0 src=start.StartPanel xy=603,303 scr=603,356
1789613087509 MOVED btn=0 mex=0x0 src=start.StartPanel xy=603,303 scr=603,356
1789613087590 EXITED btn=0 mex=0x0 src=start.StartPanel xy=1254,250 scr=1254,303
1789613088792 ENTERED btn=0 mex=0x400 src=start.StartPanel xy=981,271 scr=981,323
1789613089462 PRESSED btn=3 mex=0x1400 src=main.GameLauncher xy=600,328 scr=600,353
1789613089541 RELEASED btn=3 mex=0x400 src=main.GameLauncher xy=600,328 scr=600,353
1789613089541 CLICKED btn=3 mex=0x400 src=main.GameLauncher xy=600,328 scr=600,353
1789613089708 MOVED btn=0 mex=0x0 src=start.StartPanel xy=603,303 scr=603,356
1789613089710 MOVED btn=0 mex=0x0 src=start.StartPanel xy=603,303 scr=603,356
1789613089792 MOVED btn=0 mex=0x0 src=start.StartPanel xy=606,306 scr=606,359
1789613089794 MOVED btn=0 mex=0x0 src=start.StartPanel xy=606,306 scr=606,359
1789613089873 EXITED btn=0 mex=0x0 src=start.StartPanel xy=1254,250 scr=1254,303
1789613091076 ENTERED btn=0 mex=0x400 src=start.StartPanel xy=981,271 scr=981,323
1789613091734 PRESSED btn=3 mex=0x1400 src=main.GameLauncher xy=600,328 scr=600,353
1789613091895 RELEASED btn=3 mex=0x0 src=main.GameLauncher xy=600,328 scr=600,353
1789613091895 CLICKED btn=3 mex=0x0 src=main.GameLauncher xy=600,328 scr=600,353
1789613091976 MOVED btn=0 mex=0x0 src=start.StartPanel xy=603,303 scr=603,356
1789613091979 MOVED btn=0 mex=0x0 src=start.StartPanel xy=603,303 scr=603,356
1789613092061 MOVED btn=0 mex=0x0 src=start.StartPanel xy=606,306 scr=606,359
1789613092063 MOVED btn=0 mex=0x0 src=start.StartPanel xy=606,306 scr=606,359
1789613092148 EXITED btn=0 mex=0x0 src=start.StartPanel xy=1254,250 scr=1254,303
1789613093340 ENTERED btn=0 mex=0x400 src=start.StartPanel xy=981,271 scr=981,323
1789613094077 MOVED btn=0 mex=0x0 src=start.StartPanel xy=603,303 scr=603,356
1789613094079 MOVED btn=0 mex=0x0 src=start.StartPanel xy=603,303 scr=603,356
1789613094162 MOVED btn=0 mex=0x0 src=start.StartPanel xy=606,306 scr=606,359
1789613094164 MOVED btn=0 mex=0x0 src=start.StartPanel xy=606,306 scr=606,359
1789613094245 EXITED btn=0 mex=0x0 src=start.StartPanel xy=1254,250 scr=1254,303
